2025-08-27 14:49:46,196 - httpx - INFO - HTTP Request: GET https://efcdjsrumdrhmpingglp.supabase.co/rest/v1/platform_stores?select=%2A&user_id=eq.a7654c42-10ed-435f-97d8-d2c2dfeccbcb&platform=eq.yogiyo "HTTP/1.1 200 OK"
2025-08-27 14:49:46,238 - httpx - INFO - HTTP Request: GET https://efcdjsrumdrhmpingglp.supabase.co/rest/v1/reviews_yogiyo?select=%2A&platform_store_id=eq.9ef8365d-2e4b-4dfc-8a32-6b591ee27ad8&reply_status=eq.approved "HTTP/1.1 200 OK"
2025-08-27 14:49:46,334 - httpx - INFO - HTTP Request: GET https://efcdjsrumdrhmpingglp.supabase.co/rest/v1/reviews_yogiyo?select=%2A&platform_store_id=eq.9ef8365d-2e4b-4dfc-8a32-6b591ee27ad8&reply_status=eq.draft&limit=1 "HTTP/1.1 200 OK"
2025-08-27 14:49:46,382 - httpx - INFO - HTTP Request: PATCH https://efcdjsrumdrhmpingglp.supabase.co/rest/v1/reviews_yogiyo?id=eq.c05cc064-91de-42c7-b07b-d408a3b15280 "HTTP/1.1 400 Bad Request"
2025-08-27 14:50:22,528 - httpx - INFO - HTTP Request: GET https://efcdjsrumdrhmpingglp.supabase.co/rest/v1/platform_stores?select=%2A&user_id=eq.a7654c42-10ed-435f-97d8-d2c2dfeccbcb&platform=eq.yogiyo "HTTP/1.1 200 OK"
2025-08-27 14:50:22,584 - httpx - INFO - HTTP Request: GET https://efcdjsrumdrhmpingglp.supabase.co/rest/v1/reviews_yogiyo?select=%2A&platform_store_id=eq.9ef8365d-2e4b-4dfc-8a32-6b591ee27ad8&reply_status=eq.draft&limit=5 "HTTP/1.1 200 OK"
2025-08-27 14:50:22,585 - core.yogiyo_reply_poster - INFO - YogiyoReplyPoster 초기화 완료
2025-08-27 14:50:22,585 - core.yogiyo_reply_poster - INFO - 요기요 답글 등록 시작 - Store UUID: 9ef8365d-2e4b-4dfc-8a32-6b591ee27ad8
2025-08-27 14:50:22,697 - httpx - INFO - HTTP Request: GET https://efcdjsrumdrhmpingglp.supabase.co/rest/v1/platform_stores?select=platform_store_id%2C%20platform_id%2C%20platform_pw%2C%20store_name&id=eq.9ef8365d-2e4b-4dfc-8a32-6b591ee27ad8&platform=eq.yogiyo "HTTP/1.1 200 OK"
2025-08-27 14:50:22,698 - core.yogiyo_reply_poster - INFO - 매장 정보 조회 성공: 큰집닭강정-오산역점 (1371806)
2025-08-27 14:50:22,721 - core.yogiyo_reply_poster - INFO - DB에서 조회한 로그인 정보 사용
2025-08-27 14:50:22,721 - core.yogiyo_reply_poster - INFO - 답글 대기 상태 리뷰 검색 중...
2025-08-27 14:50:22,761 - httpx - INFO - HTTP Request: GET https://efcdjsrumdrhmpingglp.supabase.co/rest/v1/reviews_yogiyo?select=id%2C%20yogiyo_dsid%2C%20reviewer_name%2C%20review_text%2C%20reply_text%2C%20reply_status%2C%20platform_store_id&platform_store_id=eq.9ef8365d-2e4b-4dfc-8a32-6b591ee27ad8&reply_status=eq.draft&reply_text=neq.None&limit=3 "HTTP/1.1 200 OK"
2025-08-27 14:50:22,761 - core.yogiyo_reply_poster - INFO - 답글 대기 리뷰 1개 발견
2025-08-27 14:50:22,761 - core.yogiyo_reply_poster - INFO - 1개 답글 처리 예정
2025-08-27 14:50:22,762 - core.yogiyo_reply_poster - INFO - DRY RUN 모드 - 실제 등록하지 않음
2025-08-27 14:50:22,762 - core.yogiyo_reply_poster - INFO - 리소스 정리 완료
2025-08-29 10:54:38,172 - httpx - INFO - HTTP Request: GET https://efcdjsrumdrhmpingglp.supabase.co/rest/v1/platform_stores?select=%2A&user_id=eq.a7654c42-10ed-435f-97d8-d2c2dfeccbcb&platform=eq.yogiyo&is_active=eq.True "HTTP/1.1 200 OK"
2025-08-29 10:54:38,175 - __main__ - INFO - 매장 선택: 큰집닭강정-오산역점 (UUID: ee242a8d-1b7b-4be2-9ec7-f96ffa69e475)
2025-08-29 10:54:38,175 - __main__ - INFO - YogiyoReplyPoster 초기화 완료
2025-08-29 10:54:38,176 - __main__ - INFO - 요기요 답글 등록 시작 - Store UUID: ee242a8d-1b7b-4be2-9ec7-f96ffa69e475
2025-08-29 10:54:38,244 - httpx - INFO - HTTP Request: GET https://efcdjsrumdrhmpingglp.supabase.co/rest/v1/platform_stores?select=platform_store_id%2C%20platform_id%2C%20platform_pw%2C%20store_name&id=eq.ee242a8d-1b7b-4be2-9ec7-f96ffa69e475&platform=eq.yogiyo "HTTP/1.1 200 OK"
2025-08-29 10:54:38,244 - __main__ - INFO - 매장 정보 조회 성공: 큰집닭강정-오산역점 (1371806)
2025-08-29 10:54:38,266 - __main__ - INFO - DB에서 조회한 로그인 정보 사용
2025-08-29 10:54:38,266 - __main__ - INFO - 답글 대기 상태 리뷰 검색 중...
2025-08-29 10:54:38,305 - httpx - INFO - HTTP Request: GET https://efcdjsrumdrhmpingglp.supabase.co/rest/v1/reviews_yogiyo?select=id%2C%20yogiyo_dsid%2C%20reviewer_name%2C%20review_text%2C%20reply_text%2C%20reply_status%2C%20platform_store_id%2C%20review_date%2C%20overall_rating&platform_store_id=eq.ee242a8d-1b7b-4be2-9ec7-f96ffa69e475&reply_status=eq.draft&reply_text=is.None&limit=5 "HTTP/1.1 400 Bad Request"
2025-08-29 10:54:38,306 - __main__ - ERROR - 답글 대기 리뷰 조회 실패: {'code': 'PGRST100', 'details': 'unexpected "n" expecting isVal: (null, not_null, true, false, unknown)', 'hint': None, 'message': '"failed to parse filter (is.None)" (line 1, column 6)'}
2025-08-29 10:54:38,306 - __main__ - INFO - 처리할 답글이 없습니다
2025-08-29 10:54:38,306 - __main__ - INFO - 리소스 정리 완료
2025-08-29 10:54:52,377 - httpx - INFO - HTTP Request: GET https://efcdjsrumdrhmpingglp.supabase.co/rest/v1/platform_stores?select=%2A&user_id=eq.a7654c42-10ed-435f-97d8-d2c2dfeccbcb&platform=eq.yogiyo&is_active=eq.True "HTTP/1.1 200 OK"
2025-08-29 10:54:52,377 - __main__ - INFO - 매장 선택: 큰집닭강정-오산역점 (UUID: ee242a8d-1b7b-4be2-9ec7-f96ffa69e475)
2025-08-29 10:54:52,377 - __main__ - INFO - YogiyoReplyPoster 초기화 완료
2025-08-29 10:54:52,377 - __main__ - INFO - 요기요 답글 등록 시작 - Store UUID: ee242a8d-1b7b-4be2-9ec7-f96ffa69e475
2025-08-29 10:54:52,435 - httpx - INFO - HTTP Request: GET https://efcdjsrumdrhmpingglp.supabase.co/rest/v1/platform_stores?select=platform_store_id%2C%20platform_id%2C%20platform_pw%2C%20store_name&id=eq.ee242a8d-1b7b-4be2-9ec7-f96ffa69e475&platform=eq.yogiyo "HTTP/1.1 200 OK"
2025-08-29 10:54:52,437 - __main__ - INFO - 매장 정보 조회 성공: 큰집닭강정-오산역점 (1371806)
2025-08-29 10:54:52,467 - __main__ - INFO - DB에서 조회한 로그인 정보 사용
2025-08-29 10:54:52,468 - __main__ - INFO - 답글 대기 상태 리뷰 검색 중...
2025-08-29 10:54:52,505 - httpx - INFO - HTTP Request: GET https://efcdjsrumdrhmpingglp.supabase.co/rest/v1/reviews_yogiyo?select=id%2C%20yogiyo_dsid%2C%20reviewer_name%2C%20review_text%2C%20reply_text%2C%20reply_status%2C%20platform_store_id%2C%20review_date%2C%20overall_rating&platform_store_id=eq.ee242a8d-1b7b-4be2-9ec7-f96ffa69e475&reply_status=eq.draft&reply_text=is.null&limit=5 "HTTP/1.1 200 OK"
2025-08-29 10:54:52,506 - __main__ - INFO - 답글 대기 리뷰가 없습니다
2025-08-29 10:54:52,507 - __main__ - INFO - 처리할 답글이 없습니다
2025-08-29 10:54:52,507 - __main__ - INFO - 리소스 정리 완료
2025-08-29 10:55:32,044 - httpx - INFO - HTTP Request: GET https://efcdjsrumdrhmpingglp.supabase.co/rest/v1/platform_stores?select=%2A&user_id=eq.a7654c42-10ed-435f-97d8-d2c2dfeccbcb&platform=eq.yogiyo&is_active=eq.True "HTTP/1.1 200 OK"
2025-08-29 10:55:32,044 - __main__ - INFO - 매장 선택: 큰집닭강정-오산역점 (UUID: ee242a8d-1b7b-4be2-9ec7-f96ffa69e475)
2025-08-29 10:55:32,044 - __main__ - INFO - YogiyoReplyPoster 초기화 완료
2025-08-29 10:55:32,044 - __main__ - INFO - 요기요 답글 등록 시작 - Store UUID: ee242a8d-1b7b-4be2-9ec7-f96ffa69e475
2025-08-29 10:55:32,103 - httpx - INFO - HTTP Request: GET https://efcdjsrumdrhmpingglp.supabase.co/rest/v1/platform_stores?select=platform_store_id%2C%20platform_id%2C%20platform_pw%2C%20store_name&id=eq.ee242a8d-1b7b-4be2-9ec7-f96ffa69e475&platform=eq.yogiyo "HTTP/1.1 200 OK"
2025-08-29 10:55:32,105 - __main__ - INFO - 매장 정보 조회 성공: 큰집닭강정-오산역점 (1371806)
2025-08-29 10:55:32,146 - __main__ - INFO - DB에서 조회한 로그인 정보 사용
2025-08-29 10:55:32,147 - __main__ - INFO - 답글 대기 상태 리뷰 검색 중...
2025-08-29 10:55:32,198 - httpx - INFO - HTTP Request: GET https://efcdjsrumdrhmpingglp.supabase.co/rest/v1/reviews_yogiyo?select=id%2C%20yogiyo_dsid%2C%20reviewer_name%2C%20review_text%2C%20reply_text%2C%20reply_status%2C%20platform_store_id%2C%20review_date%2C%20overall_rating&platform_store_id=eq.ee242a8d-1b7b-4be2-9ec7-f96ffa69e475&reply_status=eq.draft&reply_text=neq.null&limit=5 "HTTP/1.1 200 OK"
2025-08-29 10:55:32,198 - __main__ - INFO - 답글 대기 리뷰가 없습니다
2025-08-29 10:55:32,198 - __main__ - INFO - 처리할 답글이 없습니다
2025-08-29 10:55:32,198 - __main__ - INFO - 리소스 정리 완료
2025-08-29 10:56:48,831 - httpx - INFO - HTTP Request: GET https://efcdjsrumdrhmpingglp.supabase.co/rest/v1/platform_stores?select=%2A&id=eq.430ead2f-f69e-4f29-80e5-c00cddbf519c&platform=eq.yogiyo "HTTP/1.1 200 OK"
2025-08-29 10:56:48,834 - __main__ - INFO - 매장 선택: 큰손닭강정-오산역점 (UUID: 430ead2f-f69e-4f29-80e5-c00cddbf519c)
2025-08-29 10:56:48,834 - __main__ - INFO - YogiyoReplyPoster 초기화 완료
2025-08-29 10:56:48,834 - __main__ - INFO - 요기요 답글 등록 시작 - Store UUID: 430ead2f-f69e-4f29-80e5-c00cddbf519c
2025-08-29 10:56:48,882 - httpx - INFO - HTTP Request: GET https://efcdjsrumdrhmpingglp.supabase.co/rest/v1/platform_stores?select=platform_store_id%2C%20platform_id%2C%20platform_pw%2C%20store_name&id=eq.430ead2f-f69e-4f29-80e5-c00cddbf519c&platform=eq.yogiyo "HTTP/1.1 200 OK"
2025-08-29 10:56:48,882 - __main__ - INFO - 매장 정보 조회 성공: 큰손닭강정-오산역점 (1409009)
2025-08-29 10:56:48,918 - __main__ - INFO - DB에서 조회한 로그인 정보 사용
2025-08-29 10:56:48,919 - __main__ - INFO - 답글 대기 상태 리뷰 검색 중...
2025-08-29 10:56:48,982 - httpx - INFO - HTTP Request: GET https://efcdjsrumdrhmpingglp.supabase.co/rest/v1/reviews_yogiyo?select=id%2C%20yogiyo_dsid%2C%20reviewer_name%2C%20review_text%2C%20reply_text%2C%20reply_status%2C%20platform_store_id%2C%20review_date%2C%20overall_rating&platform_store_id=eq.430ead2f-f69e-4f29-80e5-c00cddbf519c&reply_status=eq.draft&reply_text=neq.null&limit=3 "HTTP/1.1 200 OK"
2025-08-29 10:56:48,982 - __main__ - INFO - 답글 대기 리뷰 3개 발견
2025-08-29 10:56:48,982 - __main__ - INFO - 3개 답글 처리 예정
2025-08-29 10:56:48,983 - __main__ - INFO - DRY RUN 모드 - 실제 등록하지 않음
2025-08-29 10:56:48,983 - __main__ - INFO - 리소스 정리 완료
2025-08-29 11:06:08,791 - httpx - INFO - HTTP Request: GET https://efcdjsrumdrhmpingglp.supabase.co/rest/v1/platform_stores?select=%2A&id=eq.430ead2f-f69e-4f29-80e5-c00cddbf519c&platform=eq.yogiyo "HTTP/1.1 200 OK"
2025-08-29 11:06:08,791 - __main__ - INFO - 매장 선택: 큰손닭강정-오산역점 (UUID: 430ead2f-f69e-4f29-80e5-c00cddbf519c)
2025-08-29 11:06:08,792 - __main__ - INFO - YogiyoReplyPoster 초기화 완료
2025-08-29 11:06:08,792 - __main__ - INFO - 요기요 답글 등록 시작 - Store UUID: 430ead2f-f69e-4f29-80e5-c00cddbf519c
2025-08-29 11:06:08,836 - httpx - INFO - HTTP Request: GET https://efcdjsrumdrhmpingglp.supabase.co/rest/v1/platform_stores?select=platform_store_id%2C%20platform_id%2C%20platform_pw%2C%20store_name&id=eq.430ead2f-f69e-4f29-80e5-c00cddbf519c&platform=eq.yogiyo "HTTP/1.1 200 OK"
2025-08-29 11:06:08,836 - __main__ - INFO - 매장 정보 조회 성공: 큰손닭강정-오산역점 (1409009)
2025-08-29 11:06:08,848 - __main__ - INFO - DB에서 조회한 로그인 정보 사용
2025-08-29 11:06:08,848 - __main__ - INFO - 답글 대기 상태 리뷰 검색 중...
2025-08-29 11:06:08,882 - httpx - INFO - HTTP Request: GET https://efcdjsrumdrhmpingglp.supabase.co/rest/v1/reviews_yogiyo?select=id%2C%20yogiyo_dsid%2C%20reviewer_name%2C%20review_text%2C%20reply_text%2C%20reply_status%2C%20platform_store_id%2C%20review_date%2C%20overall_rating&platform_store_id=eq.430ead2f-f69e-4f29-80e5-c00cddbf519c&reply_status=eq.draft&reply_text=neq.null&limit=5 "HTTP/1.1 200 OK"
2025-08-29 11:06:08,882 - __main__ - INFO - 답글 대기 리뷰 2개 발견
2025-08-29 11:06:08,882 - __main__ - INFO - 2개 답글 처리 예정
2025-08-29 11:06:09,838 - __main__ - INFO - 브라우저 초기화 완료
2025-08-29 11:06:09,838 - __main__ - INFO - 요기요 CEO 로그인 시작
2025-08-29 11:06:28,791 - __main__ - INFO - 로그인 성공 (URL: https://ceo.yogiyo.co.kr/)
2025-08-29 11:06:28,791 - __main__ - INFO - 로그인 성공
2025-08-29 11:06:28,793 - __main__ - INFO - 리뷰 페이지로 이동
2025-08-29 11:06:32,038 - __main__ - INFO - 매장 선택: 1409009
2025-08-29 11:06:32,184 - __main__ - INFO - 드롭다운 클릭 성공: div.StoreSelector__SelectedStore-sc-1rowjsb-13
2025-08-29 11:06:34,244 - __main__ - INFO - 매장 선택 완료: 1409009
2025-08-29 11:06:39,327 - __main__ - INFO - 미답변 탭 클릭 성공: 미답변 (2)
2025-08-29 11:06:39,327 - __main__ - INFO - 미답변 탭 클릭 완료
2025-08-29 11:06:39,333 - __main__ - INFO - 리뷰 컨테이너 2개 발견
2025-08-29 11:06:39,428 - __main__ - INFO - 페이지에서 2개 리뷰 추출
2025-08-29 11:06:39,431 - __main__ - WARNING - DSID 완전 매칭 실패: 868c59d4bdd7247b
2025-08-29 11:06:39,431 - __main__ - INFO - 콘텐츠 기반 매칭 시도...
2025-08-29 11:06:39,431 - __main__ - INFO - 🎯 콘텐츠 매칭 성공 (점수: 3/4)
2025-08-29 11:06:39,431 - __main__ - INFO -    👤 리뷰어: jh** ✅
2025-08-29 11:06:39,431 - __main__ - INFO -    📝 내용: 맛있어요... ✅
2025-08-29 11:06:39,431 - __main__ - INFO -    📅 날짜: 6시간 전 ❌
2025-08-29 11:06:39,431 - __main__ - INFO -    ⭐ 별점: 5.0 ✅
2025-08-29 11:06:39,432 - __main__ - INFO - 답글 등록 시작 (리뷰 인덱스: 0)
2025-08-29 11:06:39,441 - __main__ - INFO - 답글 버튼 발견: button.ReviewReply__AddReplyButton-sc-1536a88-10:has-text("댓글쓰기")
2025-08-29 11:06:41,503 - __main__ - INFO - 답글 입력창 발견: textarea.ReviewReply__CustomTextarea-sc-1536a88-5
2025-08-29 11:06:44,494 - __main__ - INFO - 답글 입력 완료: jh**님, 맛있게 드셨다니 정말 기...
2025-08-29 11:06:44,501 - __main__ - INFO - 등록 버튼 발견: div.ReviewReply__ActionButtonWrapper-sc-1536a88-8 button:has-text("등록")
2025-08-29 11:06:47,532 - __main__ - INFO - 답글 등록 버튼 클릭 완료
2025-08-29 11:06:49,544 - __main__ - WARNING - 답글 등록 확인 실패
2025-08-29 11:06:49,671 - httpx - INFO - HTTP Request: PATCH https://efcdjsrumdrhmpingglp.supabase.co/rest/v1/reviews_yogiyo?id=eq.62da1f02-8589-4b53-bd20-854252a59317 "HTTP/1.1 200 OK"
2025-08-29 11:06:52,683 - __main__ - WARNING - DSID 완전 매칭 실패: a86219f0537fc200
2025-08-29 11:06:52,683 - __main__ - INFO - 콘텐츠 기반 매칭 시도...
2025-08-29 11:06:52,683 - __main__ - INFO - 🎯 콘텐츠 매칭 성공 (점수: 3/4)
2025-08-29 11:06:52,683 - __main__ - INFO -    👤 리뷰어: al** ✅
2025-08-29 11:06:52,683 - __main__ - INFO -    📝 내용: 가끔 먹고싶을때마다 먹는데 너무 맛있... ✅
2025-08-29 11:06:52,683 - __main__ - INFO -    📅 날짜: 2025.08.28 ❌
2025-08-29 11:06:52,684 - __main__ - INFO -    ⭐ 별점: 5.0 ✅
2025-08-29 11:06:52,684 - __main__ - INFO - 답글 등록 시작 (리뷰 인덱스: 1)
2025-08-29 11:06:52,688 - __main__ - ERROR - 리뷰 인덱스 1가 범위를 벗어남
2025-08-29 11:06:52,688 - __main__ - INFO - 답글 등록 완료 - 성공: 1, 실패: 1
2025-08-29 11:06:52,892 - __main__ - INFO - 리소스 정리 완료
2025-09-18 15:28:38,853 - httpx - INFO - HTTP Request: GET https://efcdjsrumdrhmpingglp.supabase.co/rest/v1/platform_stores?select=%2A&user_id=eq.a7654c42-10ed-435f-97d8-d2c2dfeccbcb&platform=eq.yogiyo&is_active=eq.True "HTTP/1.1 200 OK"
2025-09-18 15:28:38,855 - __main__ - INFO - 매장 선택: 큰손닭강정-평택비전점 (UUID: 8be2b4ab-a52c-40ea-b77a-2c89a09fe16d)
2025-09-18 15:28:38,855 - __main__ - INFO - YogiyoReplyPoster 초기화 완료
2025-09-18 15:28:38,855 - __main__ - INFO - 요기요 답글 등록 시작 - Store UUID: 8be2b4ab-a52c-40ea-b77a-2c89a09fe16d
2025-09-18 15:28:38,910 - httpx - INFO - HTTP Request: GET https://efcdjsrumdrhmpingglp.supabase.co/rest/v1/platform_stores?select=platform_store_id%2C%20platform_id%2C%20platform_pw%2C%20store_name&id=eq.8be2b4ab-a52c-40ea-b77a-2c89a09fe16d&platform=eq.yogiyo "HTTP/1.1 200 OK"
2025-09-18 15:28:38,911 - __main__ - INFO - 매장 정보 조회 성공: 큰손닭강정-평택비전점 (1468227)
2025-09-18 15:28:38,923 - __main__ - INFO - DB에서 조회한 로그인 정보 사용
2025-09-18 15:28:38,924 - __main__ - INFO - 🔍 답글 대기 상태 리뷰 검색 중... (Store UUID: 8be2b4ab-a52c-40ea-b77a-2c89a09fe16d)
2025-09-18 15:28:38,924 - __main__ - INFO - 📊 데이터베이스 쿼리 조건:
2025-09-18 15:28:38,924 - __main__ - INFO -    - 테이블: reviews_yogiyo
2025-09-18 15:28:38,924 - __main__ - INFO -    - platform_store_id = 8be2b4ab-a52c-40ea-b77a-2c89a09fe16d
2025-09-18 15:28:38,924 - __main__ - INFO -    - reply_status = 'draft'
2025-09-18 15:28:38,924 - __main__ - INFO -    - reply_text IS NOT NULL
2025-09-18 15:28:38,924 - __main__ - INFO -    - limit = unlimited
2025-09-18 15:28:38,959 - httpx - INFO - HTTP Request: GET https://efcdjsrumdrhmpingglp.supabase.co/rest/v1/reviews_yogiyo?select=id%2C%20yogiyo_dsid%2C%20reviewer_name%2C%20review_text%2C%20reply_text%2C%20reply_status%2C%20platform_store_id%2C%20review_date%2C%20overall_rating%2C%20schedulable_reply_date&platform_store_id=eq.8be2b4ab-a52c-40ea-b77a-2c89a09fe16d&reply_status=eq.draft&reply_text=neq.null "HTTP/1.1 200 OK"
2025-09-18 15:28:38,960 - __main__ - INFO - 📝 초기 조회 결과: 7개 답글 대기 리뷰 발견
2025-09-18 15:28:38,960 - __main__ - INFO -    1. ID:cce5ba5e-f9cd-4b48-be33-645ec7d12d9f | 리뷰어:ck** | 답글:116자 | 스케줄:2025-09-14T00:00:00
2025-09-18 15:28:38,960 - __main__ - INFO -    2. ID:1eb70844-9616-424c-9263-e6603a08fe65 | 리뷰어:db** | 답글:107자 | 스케줄:2025-09-07T00:00:00
2025-09-18 15:28:38,960 - __main__ - INFO -    3. ID:e5cddc99-b71e-430c-a393-ad59eb1e4ea6 | 리뷰어:sy** | 답글:124자 | 스케줄:2025-09-06T00:00:00
2025-09-18 15:28:38,960 - __main__ - INFO -    4. ID:b2fdf2d3-6ebd-4848-8312-63f162d7b406 | 리뷰어:db** | 답글:109자 | 스케줄:2025-08-31T00:00:00
2025-09-18 15:28:38,960 - __main__ - INFO -    5. ID:ad17fd57-8f4e-4d2a-b33d-fd5b5275dc82 | 리뷰어:ck** | 답글:101자 | 스케줄:2025-09-01T00:00:00
2025-09-18 15:28:38,960 - __main__ - INFO -    6. ID:03ea2040-8f87-4f82-8eae-aee4028202e5 | 리뷰어:ch** | 답글:133자 | 스케줄:2025-09-20T00:00:00
2025-09-18 15:28:38,960 - __main__ - INFO -    7. ID:41cffb45-0875-4c9a-9b18-260c24015a40 | 리뷰어:ki** | 답글:101자 | 스케줄:2025-08-25T00:00:00
2025-09-18 15:28:38,960 - __main__ - INFO - ⏰ 현재 시간: 2025-09-18 15:28:38.960579
2025-09-18 15:28:38,960 - __main__ - INFO - 🔍 리뷰 검사 중: cce5ba5e-f9cd-4b48-be33-645ec7d12d9f (ck**)
2025-09-18 15:28:38,960 - __main__ - INFO -    - schedulable_reply_date: 2025-09-14T00:00:00 (타입: <class 'str'>)
2025-09-18 15:28:38,960 - __main__ - INFO -    - 문자열 형식 스케줄 시간 파싱 중...
2025-09-18 15:28:38,961 - __main__ - INFO -    - UTC 파싱 결과: 2025-09-14 00:00:00
2025-09-18 15:28:38,961 - __main__ - INFO -    - KST 설정 결과: 2025-09-14 00:00:00+09:00
2025-09-18 15:28:38,961 - __main__ - INFO -    - 최종 비교용 시간: 2025-09-14 00:00:00
2025-09-18 15:28:38,961 - __main__ - INFO - ✅ 답글 등록 가능: cce5ba5e-f9cd-4b48-be33-645ec7d12d9f (예약 시간 도달)
2025-09-18 15:28:38,961 - __main__ - INFO - ✅ 리뷰 추가됨: cce5ba5e-f9cd-4b48-be33-645ec7d12d9f (ck**)
2025-09-18 15:28:38,961 - __main__ - INFO - 🔍 리뷰 검사 중: 1eb70844-9616-424c-9263-e6603a08fe65 (db**)
2025-09-18 15:28:38,961 - __main__ - INFO -    - schedulable_reply_date: 2025-09-07T00:00:00 (타입: <class 'str'>)
2025-09-18 15:28:38,961 - __main__ - INFO -    - 문자열 형식 스케줄 시간 파싱 중...
2025-09-18 15:28:38,961 - __main__ - INFO -    - UTC 파싱 결과: 2025-09-07 00:00:00
2025-09-18 15:28:38,961 - __main__ - INFO -    - KST 설정 결과: 2025-09-07 00:00:00+09:00
2025-09-18 15:28:38,961 - __main__ - INFO -    - 최종 비교용 시간: 2025-09-07 00:00:00
2025-09-18 15:28:38,961 - __main__ - INFO - ✅ 답글 등록 가능: 1eb70844-9616-424c-9263-e6603a08fe65 (예약 시간 도달)
2025-09-18 15:28:38,961 - __main__ - INFO - ✅ 리뷰 추가됨: 1eb70844-9616-424c-9263-e6603a08fe65 (db**)
2025-09-18 15:28:38,961 - __main__ - INFO - 🔍 리뷰 검사 중: e5cddc99-b71e-430c-a393-ad59eb1e4ea6 (sy**)
2025-09-18 15:28:38,961 - __main__ - INFO -    - schedulable_reply_date: 2025-09-06T00:00:00 (타입: <class 'str'>)
2025-09-18 15:28:38,962 - __main__ - INFO -    - 문자열 형식 스케줄 시간 파싱 중...
2025-09-18 15:28:38,962 - __main__ - INFO -    - UTC 파싱 결과: 2025-09-06 00:00:00
2025-09-18 15:28:38,962 - __main__ - INFO -    - KST 설정 결과: 2025-09-06 00:00:00+09:00
2025-09-18 15:28:38,962 - __main__ - INFO -    - 최종 비교용 시간: 2025-09-06 00:00:00
2025-09-18 15:28:38,962 - __main__ - INFO - ✅ 답글 등록 가능: e5cddc99-b71e-430c-a393-ad59eb1e4ea6 (예약 시간 도달)
2025-09-18 15:28:38,962 - __main__ - INFO - ✅ 리뷰 추가됨: e5cddc99-b71e-430c-a393-ad59eb1e4ea6 (sy**)
2025-09-18 15:28:38,962 - __main__ - INFO - 🔍 리뷰 검사 중: b2fdf2d3-6ebd-4848-8312-63f162d7b406 (db**)
2025-09-18 15:28:38,962 - __main__ - INFO -    - schedulable_reply_date: 2025-08-31T00:00:00 (타입: <class 'str'>)
2025-09-18 15:28:38,962 - __main__ - INFO -    - 문자열 형식 스케줄 시간 파싱 중...
2025-09-18 15:28:38,962 - __main__ - INFO -    - UTC 파싱 결과: 2025-08-31 00:00:00
2025-09-18 15:28:38,962 - __main__ - INFO -    - KST 설정 결과: 2025-08-31 00:00:00+09:00
2025-09-18 15:28:38,962 - __main__ - INFO -    - 최종 비교용 시간: 2025-08-31 00:00:00
2025-09-18 15:28:38,962 - __main__ - INFO - ✅ 답글 등록 가능: b2fdf2d3-6ebd-4848-8312-63f162d7b406 (예약 시간 도달)
2025-09-18 15:28:38,962 - __main__ - INFO - ✅ 리뷰 추가됨: b2fdf2d3-6ebd-4848-8312-63f162d7b406 (db**)
2025-09-18 15:28:38,962 - __main__ - INFO - 🔍 리뷰 검사 중: ad17fd57-8f4e-4d2a-b33d-fd5b5275dc82 (ck**)
2025-09-18 15:28:38,962 - __main__ - INFO -    - schedulable_reply_date: 2025-09-01T00:00:00 (타입: <class 'str'>)
2025-09-18 15:28:38,962 - __main__ - INFO -    - 문자열 형식 스케줄 시간 파싱 중...
2025-09-18 15:28:38,963 - __main__ - INFO -    - UTC 파싱 결과: 2025-09-01 00:00:00
2025-09-18 15:28:38,963 - __main__ - INFO -    - KST 설정 결과: 2025-09-01 00:00:00+09:00
2025-09-18 15:28:38,963 - __main__ - INFO -    - 최종 비교용 시간: 2025-09-01 00:00:00
2025-09-18 15:28:38,963 - __main__ - INFO - ✅ 답글 등록 가능: ad17fd57-8f4e-4d2a-b33d-fd5b5275dc82 (예약 시간 도달)
2025-09-18 15:28:38,963 - __main__ - INFO - ✅ 리뷰 추가됨: ad17fd57-8f4e-4d2a-b33d-fd5b5275dc82 (ck**)
2025-09-18 15:28:38,963 - __main__ - INFO - 🔍 리뷰 검사 중: 03ea2040-8f87-4f82-8eae-aee4028202e5 (ch**)
2025-09-18 15:28:38,963 - __main__ - INFO -    - schedulable_reply_date: 2025-09-20T00:00:00 (타입: <class 'str'>)
2025-09-18 15:28:38,963 - __main__ - INFO -    - 문자열 형식 스케줄 시간 파싱 중...
2025-09-18 15:28:38,963 - __main__ - INFO -    - UTC 파싱 결과: 2025-09-20 00:00:00
2025-09-18 15:28:38,963 - __main__ - INFO -    - KST 설정 결과: 2025-09-20 00:00:00+09:00
2025-09-18 15:28:38,963 - __main__ - INFO -    - 최종 비교용 시간: 2025-09-20 00:00:00
2025-09-18 15:28:38,963 - __main__ - INFO - ⏳ 답글 등록 대기: 03ea2040-8f87-4f82-8eae-aee4028202e5 (남은 시간: 1 day, 8:31:21.039421)
2025-09-18 15:28:38,963 - __main__ - INFO - 🔍 리뷰 검사 중: 41cffb45-0875-4c9a-9b18-260c24015a40 (ki**)
2025-09-18 15:28:38,963 - __main__ - INFO -    - schedulable_reply_date: 2025-08-25T00:00:00 (타입: <class 'str'>)
2025-09-18 15:28:38,963 - __main__ - INFO -    - 문자열 형식 스케줄 시간 파싱 중...
2025-09-18 15:28:38,963 - __main__ - INFO -    - UTC 파싱 결과: 2025-08-25 00:00:00
2025-09-18 15:28:38,963 - __main__ - INFO -    - KST 설정 결과: 2025-08-25 00:00:00+09:00
2025-09-18 15:28:38,963 - __main__ - INFO -    - 최종 비교용 시간: 2025-08-25 00:00:00
2025-09-18 15:28:38,963 - __main__ - INFO - ✅ 답글 등록 가능: 41cffb45-0875-4c9a-9b18-260c24015a40 (예약 시간 도달)
2025-09-18 15:28:38,963 - __main__ - INFO - ✅ 리뷰 추가됨: 41cffb45-0875-4c9a-9b18-260c24015a40 (ki**)
2025-09-18 15:28:38,963 - __main__ - INFO - 📊 최종 결과: 초기 7개 → 필터링 후 6개
2025-09-18 15:28:38,963 - __main__ - INFO - 🎯 최종 선택된 리뷰:
2025-09-18 15:28:38,965 - __main__ - INFO -    1. cce5ba5e-f9cd-4b48-be33-645ec7d12d9f (ck**)
2025-09-18 15:28:38,965 - __main__ - INFO -    2. 1eb70844-9616-424c-9263-e6603a08fe65 (db**)
2025-09-18 15:28:38,965 - __main__ - INFO -    3. e5cddc99-b71e-430c-a393-ad59eb1e4ea6 (sy**)
2025-09-18 15:28:38,965 - __main__ - INFO -    4. b2fdf2d3-6ebd-4848-8312-63f162d7b406 (db**)
2025-09-18 15:28:38,965 - __main__ - INFO -    5. ad17fd57-8f4e-4d2a-b33d-fd5b5275dc82 (ck**)
2025-09-18 15:28:38,965 - __main__ - INFO -    6. 41cffb45-0875-4c9a-9b18-260c24015a40 (ki**)
2025-09-18 15:28:38,965 - __main__ - INFO - 6개 답글 처리 예정
2025-09-18 15:28:40,031 - __main__ - INFO - 브라우저 초기화 완료
2025-09-18 15:28:40,031 - __main__ - INFO - 요기요 CEO 로그인 시작
2025-09-18 15:28:58,895 - __main__ - INFO - 로그인 성공 (URL: https://ceo.yogiyo.co.kr/)
2025-09-18 15:28:58,896 - __main__ - INFO - 로그인 성공
2025-09-18 15:28:58,896 - __main__ - INFO - 리뷰 페이지로 이동
2025-09-18 15:29:02,183 - __main__ - INFO - 매장 선택: 1468227
2025-09-18 15:29:02,261 - __main__ - INFO - 드롭다운 클릭 성공: div.StoreSelector__SelectedStore-sc-1rowjsb-13
2025-09-18 15:29:04,356 - __main__ - INFO - 매장 선택 완료: 1468227
2025-09-18 15:29:09,446 - __main__ - INFO - 미답변 탭 클릭 성공: 미답변 (7)
2025-09-18 15:29:09,446 - __main__ - INFO - 미답변 탭 클릭 완료
2025-09-18 15:29:09,454 - __main__ - INFO - 리뷰 컨테이너 7개 발견
2025-09-18 15:29:09,796 - __main__ - INFO - 페이지에서 7개 리뷰 추출
2025-09-18 15:29:09,799 - __main__ - WARNING - DSID 완전 매칭 실패: 49c74c065586e182
2025-09-18 15:29:09,799 - __main__ - INFO - 콘텐츠 기반 매칭 시도...
2025-09-18 15:29:09,799 - __main__ - INFO - 🎯 콘텐츠 매칭 성공 (점수: 3/4)
2025-09-18 15:29:09,799 - __main__ - INFO -    👤 리뷰어: ck** ✅
2025-09-18 15:29:09,799 - __main__ - INFO -    📝 내용: 양도 적당하고 맛있어요... ✅
2025-09-18 15:29:09,799 - __main__ - INFO -    📅 날짜: 2025.09.13 ❌
2025-09-18 15:29:09,799 - __main__ - INFO -    ⭐ 별점: 5.0 ✅
2025-09-18 15:29:09,799 - __main__ - INFO - 답글 등록 시작 (리뷰 인덱스: 1)
2025-09-18 15:29:09,811 - __main__ - INFO - 답글 버튼 발견: button.ReviewReply__AddReplyButton-sc-1536a88-10:has-text("댓글쓰기")
2025-09-18 15:29:11,926 - __main__ - INFO - 답글 입력창 발견: textarea.ReviewReply__CustomTextarea-sc-1536a88-5
2025-09-18 15:29:15,420 - __main__ - INFO - 답글 입력 완료: ck**님, 소중한 리뷰 감사드려요!...
2025-09-18 15:29:15,427 - __main__ - INFO - 등록 버튼 발견: div.ReviewReply__ActionButtonWrapper-sc-1536a88-8 button:has-text("등록")
2025-09-18 15:29:15,458 - __main__ - INFO - 답글 등록 버튼 클릭 완료
2025-09-18 15:29:17,464 - __main__ - INFO - [YOGIYO] 🔍 금지어 팝업 확인 중...
2025-09-18 15:29:17,487 - __main__ - INFO - [YOGIYO] ✅ 요기요 금지어 팝업 없음 - 정상 처리
2025-09-18 15:29:20,510 - __main__ - WARNING - 답글 등록 확인 실패
2025-09-18 15:29:20,620 - httpx - INFO - HTTP Request: PATCH https://efcdjsrumdrhmpingglp.supabase.co/rest/v1/reviews_yogiyo?id=eq.cce5ba5e-f9cd-4b48-be33-645ec7d12d9f "HTTP/1.1 200 OK"
2025-09-18 15:29:23,633 - __main__ - WARNING - DSID 완전 매칭 실패: 270db1ba962be380
2025-09-18 15:29:23,633 - __main__ - INFO - 콘텐츠 기반 매칭 시도...
2025-09-18 15:29:23,633 - __main__ - INFO - 🎯 콘텐츠 매칭 성공 (점수: 3/4)
2025-09-18 15:29:23,633 - __main__ - INFO -    👤 리뷰어: db** ✅
2025-09-18 15:29:23,634 - __main__ - INFO -    📝 내용: 지난주이어 두번째주문,,,,
또 시켰... ✅
2025-09-18 15:29:23,634 - __main__ - INFO -    📅 날짜: 2025.09.06 ❌
2025-09-18 15:29:23,634 - __main__ - INFO -    ⭐ 별점: 5.0 ✅
2025-09-18 15:29:23,634 - __main__ - INFO - 답글 등록 시작 (리뷰 인덱스: 2)
2025-09-18 15:29:23,645 - __main__ - INFO - 답글 버튼 발견: button.ReviewReply__AddReplyButton-sc-1536a88-10:has-text("댓글쓰기")
2025-09-18 15:29:25,713 - __main__ - INFO - 답글 입력창 발견: textarea.ReviewReply__CustomTextarea-sc-1536a88-5
2025-09-18 15:29:28,912 - __main__ - INFO - 답글 입력 완료: db**님, 두 번째 주문해 주셔서 ...
2025-09-18 15:29:28,918 - __main__ - INFO - 등록 버튼 발견: div.ReviewReply__ActionButtonWrapper-sc-1536a88-8 button:has-text("등록")
2025-09-18 15:29:28,935 - __main__ - INFO - 답글 등록 버튼 클릭 완료
2025-09-18 15:29:30,938 - __main__ - INFO - [YOGIYO] 🔍 금지어 팝업 확인 중...
2025-09-18 15:29:30,960 - __main__ - INFO - [YOGIYO] ✅ 요기요 금지어 팝업 없음 - 정상 처리
2025-09-18 15:29:33,983 - __main__ - WARNING - 답글 등록 확인 실패
2025-09-18 15:29:34,070 - httpx - INFO - HTTP Request: PATCH https://efcdjsrumdrhmpingglp.supabase.co/rest/v1/reviews_yogiyo?id=eq.1eb70844-9616-424c-9263-e6603a08fe65 "HTTP/1.1 200 OK"
2025-09-18 15:29:37,077 - __main__ - WARNING - DSID 완전 매칭 실패: 9074b52b608fb2ba
2025-09-18 15:29:37,077 - __main__ - INFO - 콘텐츠 기반 매칭 시도...
2025-09-18 15:29:37,077 - __main__ - INFO - 🎯 콘텐츠 매칭 성공 (점수: 3/4)
2025-09-18 15:29:37,077 - __main__ - INFO -    👤 리뷰어: sy** ✅
2025-09-18 15:29:37,077 - __main__ - INFO -    📝 내용: 배달도 금방 오고
맛있게 먹었어요~~... ✅
2025-09-18 15:29:37,077 - __main__ - INFO -    📅 날짜: 2025.09.05 ❌
2025-09-18 15:29:37,077 - __main__ - INFO -    ⭐ 별점: 5.0 ✅
2025-09-18 15:29:37,077 - __main__ - INFO - 답글 등록 시작 (리뷰 인덱스: 3)
2025-09-18 15:29:37,092 - __main__ - INFO - 답글 버튼 발견: button.ReviewReply__AddReplyButton-sc-1536a88-10:has-text("댓글쓰기")
2025-09-18 15:29:39,228 - __main__ - INFO - 답글 입력창 발견: textarea.ReviewReply__CustomTextarea-sc-1536a88-5
2025-09-18 15:29:42,407 - __main__ - INFO - 답글 입력 완료: sy**님, 소중한 리뷰 감사해요! ...
2025-09-18 15:29:42,413 - __main__ - INFO - 등록 버튼 발견: div.ReviewReply__ActionButtonWrapper-sc-1536a88-8 button:has-text("등록")
2025-09-18 15:29:42,450 - __main__ - INFO - 답글 등록 버튼 클릭 완료
2025-09-18 15:29:44,457 - __main__ - INFO - [YOGIYO] 🔍 금지어 팝업 확인 중...
2025-09-18 15:29:44,472 - __main__ - INFO - [YOGIYO] ✅ 요기요 금지어 팝업 없음 - 정상 처리
2025-09-18 15:29:47,493 - __main__ - WARNING - 답글 등록 확인 실패
2025-09-18 15:29:47,562 - httpx - INFO - HTTP Request: PATCH https://efcdjsrumdrhmpingglp.supabase.co/rest/v1/reviews_yogiyo?id=eq.e5cddc99-b71e-430c-a393-ad59eb1e4ea6 "HTTP/1.1 200 OK"
2025-09-18 15:29:50,578 - __main__ - WARNING - DSID 완전 매칭 실패: af933b9a9552c133
2025-09-18 15:29:50,578 - __main__ - INFO - 콘텐츠 기반 매칭 시도...
2025-09-18 15:29:50,578 - __main__ - INFO - 🎯 콘텐츠 매칭 성공 (점수: 3/4)
2025-09-18 15:29:50,579 - __main__ - INFO -    👤 리뷰어: db** ✅
2025-09-18 15:29:50,579 - __main__ - INFO -    📝 내용: 바삭하고,,맵기도 딱좋습니다... ✅
2025-09-18 15:29:50,579 - __main__ - INFO -    📅 날짜: 2025.08.30 ❌
2025-09-18 15:29:50,579 - __main__ - INFO -    ⭐ 별점: 5.0 ✅
2025-09-18 15:29:50,579 - __main__ - INFO - 답글 등록 시작 (리뷰 인덱스: 5)
2025-09-18 15:29:50,592 - __main__ - ERROR - 리뷰 인덱스 5가 범위를 벗어남
2025-09-18 15:29:50,594 - __main__ - WARNING - DSID 완전 매칭 실패: 61674ed2cca27eb4
2025-09-18 15:29:50,594 - __main__ - INFO - 콘텐츠 기반 매칭 시도...
2025-09-18 15:29:50,594 - __main__ - INFO - 🎯 콘텐츠 매칭 성공 (점수: 3/4)
2025-09-18 15:29:50,594 - __main__ - INFO -    👤 리뷰어: ck** ✅
2025-09-18 15:29:50,594 - __main__ - INFO -    📝 내용: 양도 괜찮고 맛있었습니다... ✅
2025-09-18 15:29:50,595 - __main__ - INFO -    📅 날짜: 2025.08.31 ❌
2025-09-18 15:29:50,595 - __main__ - INFO -    ⭐ 별점: 5.0 ✅
2025-09-18 15:29:50,595 - __main__ - INFO - 답글 등록 시작 (리뷰 인덱스: 4)
2025-09-18 15:29:50,600 - __main__ - ERROR - 리뷰 인덱스 4가 범위를 벗어남
2025-09-18 15:29:50,600 - __main__ - WARNING - DSID 완전 매칭 실패: 2a22ca71ebecf2af
2025-09-18 15:29:50,600 - __main__ - INFO - 콘텐츠 기반 매칭 시도...
2025-09-18 15:29:50,600 - __main__ - INFO - 🎯 콘텐츠 매칭 성공 (점수: 3/4)
2025-09-18 15:29:50,600 - __main__ - INFO -    👤 리뷰어: ki** ✅
2025-09-18 15:29:50,600 - __main__ - INFO -    📝 내용: 맛있게 잘 먹었습니다.... ✅
2025-09-18 15:29:50,600 - __main__ - INFO -    📅 날짜: 2025.08.24 ❌
2025-09-18 15:29:50,600 - __main__ - INFO -    ⭐ 별점: 5.0 ✅
2025-09-18 15:29:50,602 - __main__ - INFO - 답글 등록 시작 (리뷰 인덱스: 6)
2025-09-18 15:29:50,607 - __main__ - ERROR - 리뷰 인덱스 6가 범위를 벗어남
2025-09-18 15:29:50,607 - __main__ - INFO - 답글 등록 완료 - 성공: 3, 실패: 3
2025-09-18 15:29:51,124 - __main__ - INFO - 리소스 정리 완료
2025-09-18 15:31:06,943 - httpx - INFO - HTTP Request: GET https://efcdjsrumdrhmpingglp.supabase.co/rest/v1/platform_stores?select=%2A&user_id=eq.a7654c42-10ed-435f-97d8-d2c2dfeccbcb&platform=eq.yogiyo&is_active=eq.True "HTTP/1.1 200 OK"
2025-09-18 15:31:06,944 - __main__ - INFO - 매장 선택: 큰손닭강정-평택비전점 (UUID: 8be2b4ab-a52c-40ea-b77a-2c89a09fe16d)
2025-09-18 15:31:06,944 - __main__ - INFO - YogiyoReplyPoster 초기화 완료
2025-09-18 15:31:06,944 - __main__ - INFO - 요기요 답글 등록 시작 - Store UUID: 8be2b4ab-a52c-40ea-b77a-2c89a09fe16d
2025-09-18 15:31:06,988 - httpx - INFO - HTTP Request: GET https://efcdjsrumdrhmpingglp.supabase.co/rest/v1/platform_stores?select=platform_store_id%2C%20platform_id%2C%20platform_pw%2C%20store_name&id=eq.8be2b4ab-a52c-40ea-b77a-2c89a09fe16d&platform=eq.yogiyo "HTTP/1.1 200 OK"
2025-09-18 15:31:06,988 - __main__ - INFO - 매장 정보 조회 성공: 큰손닭강정-평택비전점 (1468227)
2025-09-18 15:31:06,999 - __main__ - INFO - DB에서 조회한 로그인 정보 사용
2025-09-18 15:31:06,999 - __main__ - INFO - 🔍 답글 대기 상태 리뷰 검색 중... (Store UUID: 8be2b4ab-a52c-40ea-b77a-2c89a09fe16d)
2025-09-18 15:31:06,999 - __main__ - INFO - 📊 데이터베이스 쿼리 조건:
2025-09-18 15:31:06,999 - __main__ - INFO -    - 테이블: reviews_yogiyo
2025-09-18 15:31:06,999 - __main__ - INFO -    - platform_store_id = 8be2b4ab-a52c-40ea-b77a-2c89a09fe16d
2025-09-18 15:31:06,999 - __main__ - INFO -    - reply_status = 'draft'
2025-09-18 15:31:06,999 - __main__ - INFO -    - reply_text IS NOT NULL
2025-09-18 15:31:06,999 - __main__ - INFO -    - limit = unlimited
2025-09-18 15:31:07,049 - httpx - INFO - HTTP Request: GET https://efcdjsrumdrhmpingglp.supabase.co/rest/v1/reviews_yogiyo?select=id%2C%20yogiyo_dsid%2C%20reviewer_name%2C%20review_text%2C%20reply_text%2C%20reply_status%2C%20platform_store_id%2C%20review_date%2C%20overall_rating%2C%20schedulable_reply_date&platform_store_id=eq.8be2b4ab-a52c-40ea-b77a-2c89a09fe16d&reply_status=eq.draft&reply_text=neq.null "HTTP/1.1 200 OK"
2025-09-18 15:31:07,050 - __main__ - INFO - 📝 초기 조회 결과: 4개 답글 대기 리뷰 발견
2025-09-18 15:31:07,050 - __main__ - INFO -    1. ID:b2fdf2d3-6ebd-4848-8312-63f162d7b406 | 리뷰어:db** | 답글:109자 | 스케줄:2025-08-31T00:00:00
2025-09-18 15:31:07,050 - __main__ - INFO -    2. ID:ad17fd57-8f4e-4d2a-b33d-fd5b5275dc82 | 리뷰어:ck** | 답글:101자 | 스케줄:2025-09-01T00:00:00
2025-09-18 15:31:07,050 - __main__ - INFO -    3. ID:03ea2040-8f87-4f82-8eae-aee4028202e5 | 리뷰어:ch** | 답글:133자 | 스케줄:2025-09-20T00:00:00
2025-09-18 15:31:07,050 - __main__ - INFO -    4. ID:41cffb45-0875-4c9a-9b18-260c24015a40 | 리뷰어:ki** | 답글:101자 | 스케줄:2025-08-25T00:00:00
2025-09-18 15:31:07,050 - __main__ - INFO - ⏰ 현재 시간: 2025-09-18 15:31:07.050400
2025-09-18 15:31:07,050 - __main__ - INFO - 🔍 리뷰 검사 중: b2fdf2d3-6ebd-4848-8312-63f162d7b406 (db**)
2025-09-18 15:31:07,050 - __main__ - INFO -    - schedulable_reply_date: 2025-08-31T00:00:00 (타입: <class 'str'>)
2025-09-18 15:31:07,050 - __main__ - INFO -    - 문자열 형식 스케줄 시간 파싱 중...
2025-09-18 15:31:07,050 - __main__ - INFO -    - UTC 파싱 결과: 2025-08-31 00:00:00
2025-09-18 15:31:07,050 - __main__ - INFO -    - KST 설정 결과: 2025-08-31 00:00:00+09:00
2025-09-18 15:31:07,050 - __main__ - INFO -    - 최종 비교용 시간: 2025-08-31 00:00:00
2025-09-18 15:31:07,050 - __main__ - INFO - ✅ 답글 등록 가능: b2fdf2d3-6ebd-4848-8312-63f162d7b406 (예약 시간 도달)
2025-09-18 15:31:07,050 - __main__ - INFO - ✅ 리뷰 추가됨: b2fdf2d3-6ebd-4848-8312-63f162d7b406 (db**)
2025-09-18 15:31:07,050 - __main__ - INFO - 🔍 리뷰 검사 중: ad17fd57-8f4e-4d2a-b33d-fd5b5275dc82 (ck**)
2025-09-18 15:31:07,050 - __main__ - INFO -    - schedulable_reply_date: 2025-09-01T00:00:00 (타입: <class 'str'>)
2025-09-18 15:31:07,050 - __main__ - INFO -    - 문자열 형식 스케줄 시간 파싱 중...
2025-09-18 15:31:07,050 - __main__ - INFO -    - UTC 파싱 결과: 2025-09-01 00:00:00
2025-09-18 15:31:07,050 - __main__ - INFO -    - KST 설정 결과: 2025-09-01 00:00:00+09:00
2025-09-18 15:31:07,050 - __main__ - INFO -    - 최종 비교용 시간: 2025-09-01 00:00:00
2025-09-18 15:31:07,050 - __main__ - INFO - ✅ 답글 등록 가능: ad17fd57-8f4e-4d2a-b33d-fd5b5275dc82 (예약 시간 도달)
2025-09-18 15:31:07,051 - __main__ - INFO - ✅ 리뷰 추가됨: ad17fd57-8f4e-4d2a-b33d-fd5b5275dc82 (ck**)
2025-09-18 15:31:07,051 - __main__ - INFO - 🔍 리뷰 검사 중: 03ea2040-8f87-4f82-8eae-aee4028202e5 (ch**)
2025-09-18 15:31:07,051 - __main__ - INFO -    - schedulable_reply_date: 2025-09-20T00:00:00 (타입: <class 'str'>)
2025-09-18 15:31:07,051 - __main__ - INFO -    - 문자열 형식 스케줄 시간 파싱 중...
2025-09-18 15:31:07,051 - __main__ - INFO -    - UTC 파싱 결과: 2025-09-20 00:00:00
2025-09-18 15:31:07,051 - __main__ - INFO -    - KST 설정 결과: 2025-09-20 00:00:00+09:00
2025-09-18 15:31:07,051 - __main__ - INFO -    - 최종 비교용 시간: 2025-09-20 00:00:00
2025-09-18 15:31:07,051 - __main__ - INFO - ⏳ 답글 등록 대기: 03ea2040-8f87-4f82-8eae-aee4028202e5 (남은 시간: 1 day, 8:28:52.949600)
2025-09-18 15:31:07,051 - __main__ - INFO - 🔍 리뷰 검사 중: 41cffb45-0875-4c9a-9b18-260c24015a40 (ki**)
2025-09-18 15:31:07,051 - __main__ - INFO -    - schedulable_reply_date: 2025-08-25T00:00:00 (타입: <class 'str'>)
2025-09-18 15:31:07,051 - __main__ - INFO -    - 문자열 형식 스케줄 시간 파싱 중...
2025-09-18 15:31:07,051 - __main__ - INFO -    - UTC 파싱 결과: 2025-08-25 00:00:00
2025-09-18 15:31:07,051 - __main__ - INFO -    - KST 설정 결과: 2025-08-25 00:00:00+09:00
2025-09-18 15:31:07,051 - __main__ - INFO -    - 최종 비교용 시간: 2025-08-25 00:00:00
2025-09-18 15:31:07,051 - __main__ - INFO - ✅ 답글 등록 가능: 41cffb45-0875-4c9a-9b18-260c24015a40 (예약 시간 도달)
2025-09-18 15:31:07,052 - __main__ - INFO - ✅ 리뷰 추가됨: 41cffb45-0875-4c9a-9b18-260c24015a40 (ki**)
2025-09-18 15:31:07,052 - __main__ - INFO - 📊 최종 결과: 초기 4개 → 필터링 후 3개
2025-09-18 15:31:07,052 - __main__ - INFO - 🎯 최종 선택된 리뷰:
2025-09-18 15:31:07,052 - __main__ - INFO -    1. b2fdf2d3-6ebd-4848-8312-63f162d7b406 (db**)
2025-09-18 15:31:07,052 - __main__ - INFO -    2. ad17fd57-8f4e-4d2a-b33d-fd5b5275dc82 (ck**)
2025-09-18 15:31:07,052 - __main__ - INFO -    3. 41cffb45-0875-4c9a-9b18-260c24015a40 (ki**)
2025-09-18 15:31:07,052 - __main__ - INFO - 3개 답글 처리 예정
2025-09-18 15:31:08,242 - __main__ - INFO - 브라우저 초기화 완료
2025-09-18 15:31:08,242 - __main__ - INFO - 요기요 CEO 로그인 시작
2025-09-18 15:31:27,092 - __main__ - INFO - 로그인 성공 (URL: https://ceo.yogiyo.co.kr/)
2025-09-18 15:31:27,093 - __main__ - INFO - 로그인 성공
2025-09-18 15:31:27,093 - __main__ - INFO - 리뷰 페이지로 이동
2025-09-18 15:31:30,316 - __main__ - INFO - 매장 선택: 1468227
2025-09-18 15:31:30,444 - __main__ - INFO - 드롭다운 클릭 성공: div.StoreSelector__SelectedStore-sc-1rowjsb-13
2025-09-18 15:31:32,492 - __main__ - INFO - 매장 선택 완료: 1468227
2025-09-18 15:31:37,572 - __main__ - INFO - 미답변 탭 클릭 성공: 미답변 (6)
2025-09-18 15:31:37,574 - __main__ - INFO - 미답변 탭 클릭 완료
2025-09-18 15:31:37,581 - __main__ - INFO - 리뷰 컨테이너 6개 발견
2025-09-18 15:31:37,867 - __main__ - INFO - 페이지에서 6개 리뷰 추출
2025-09-18 15:31:37,867 - __main__ - INFO - 📄 페이지에서 추출된 리뷰: 6개
2025-09-18 15:31:37,867 - __main__ - INFO - 🎯 처리할 DB 리뷰: 3개
2025-09-18 15:31:37,867 - __main__ - INFO - 🔄 [1/3] 리뷰 처리 중: b2fdf2d3-6ebd-4848-8312-63f162d7b406 (db**)
2025-09-18 15:31:37,867 - __main__ - INFO -    - DSID: af933b9a9552c133
2025-09-18 15:31:37,867 - __main__ - INFO -    - 답글 길이: 109자
2025-09-18 15:31:37,867 - __main__ - INFO - 🔍 매칭 시작: DSID=af933b9a9552c133
2025-09-18 15:31:37,870 - __main__ - WARNING - DSID 완전 매칭 실패: af933b9a9552c133
2025-09-18 15:31:37,870 - __main__ - INFO - 콘텐츠 기반 매칭 시도...
2025-09-18 15:31:37,870 - __main__ - INFO - 🎯 콘텐츠 매칭 성공 (점수: 3/4)
2025-09-18 15:31:37,870 - __main__ - INFO -    👤 리뷰어: db** ✅
2025-09-18 15:31:37,870 - __main__ - INFO -    📝 내용: 바삭하고,,맵기도 딱좋습니다... ✅
2025-09-18 15:31:37,871 - __main__ - INFO -    📅 날짜: 2025.08.30 ❌
2025-09-18 15:31:37,871 - __main__ - INFO -    ⭐ 별점: 5.0 ✅
2025-09-18 15:31:37,871 - __main__ - INFO - 🎯 매칭 결과: review_index=4, matched=True
2025-09-18 15:31:37,871 - __main__ - INFO - 🎯 답글 등록 시도: 인덱스=4, 전체 리뷰 수=6
2025-09-18 15:31:37,871 - __main__ - INFO - 답글 등록 시작 (리뷰 인덱스: 4)
2025-09-18 15:31:37,883 - __main__ - INFO - 답글 버튼 발견: button.ReviewReply__AddReplyButton-sc-1536a88-10:has-text("댓글쓰기")
2025-09-18 15:31:39,976 - __main__ - INFO - 답글 입력창 발견: textarea.ReviewReply__CustomTextarea-sc-1536a88-5
2025-09-18 15:31:43,100 - __main__ - INFO - 답글 입력 완료: db**님, 소중한 리뷰 감사합니다!...
2025-09-18 15:31:43,107 - __main__ - INFO - 등록 버튼 발견: div.ReviewReply__ActionButtonWrapper-sc-1536a88-8 button:has-text("등록")
2025-09-18 15:31:43,132 - __main__ - INFO - 답글 등록 버튼 클릭 완료
2025-09-18 15:31:45,140 - __main__ - INFO - [YOGIYO] 🔍 금지어 팝업 확인 중...
2025-09-18 15:31:45,154 - __main__ - INFO - [YOGIYO] ✅ 요기요 금지어 팝업 없음 - 정상 처리
2025-09-18 15:31:48,166 - __main__ - WARNING - 답글 등록 확인 실패
2025-09-18 15:31:48,385 - httpx - INFO - HTTP Request: PATCH https://efcdjsrumdrhmpingglp.supabase.co/rest/v1/reviews_yogiyo?id=eq.b2fdf2d3-6ebd-4848-8312-63f162d7b406 "HTTP/1.1 200 OK"
2025-09-18 15:31:51,390 - __main__ - INFO - 🔄 [2/3] 리뷰 처리 중: ad17fd57-8f4e-4d2a-b33d-fd5b5275dc82 (ck**)
2025-09-18 15:31:51,390 - __main__ - INFO -    - DSID: 61674ed2cca27eb4
2025-09-18 15:31:51,390 - __main__ - INFO -    - 답글 길이: 101자
2025-09-18 15:31:51,390 - __main__ - INFO - 🔍 매칭 시작: DSID=61674ed2cca27eb4
2025-09-18 15:31:51,391 - __main__ - WARNING - DSID 완전 매칭 실패: 61674ed2cca27eb4
2025-09-18 15:31:51,391 - __main__ - INFO - 콘텐츠 기반 매칭 시도...
2025-09-18 15:31:51,391 - __main__ - INFO - 🎯 콘텐츠 매칭 성공 (점수: 3/4)
2025-09-18 15:31:51,391 - __main__ - INFO -    👤 리뷰어: ck** ✅
2025-09-18 15:31:51,391 - __main__ - INFO -    📝 내용: 양도 괜찮고 맛있었습니다... ✅
2025-09-18 15:31:51,391 - __main__ - INFO -    📅 날짜: 2025.08.31 ❌
2025-09-18 15:31:51,391 - __main__ - INFO -    ⭐ 별점: 5.0 ✅
2025-09-18 15:31:51,391 - __main__ - INFO - 🎯 매칭 결과: review_index=3, matched=True
2025-09-18 15:31:51,391 - __main__ - INFO - 🎯 답글 등록 시도: 인덱스=3, 전체 리뷰 수=6
2025-09-18 15:31:51,392 - __main__ - INFO - 답글 등록 시작 (리뷰 인덱스: 3)
2025-09-18 15:31:51,402 - __main__ - INFO - 답글 버튼 발견: button.ReviewReply__AddReplyButton-sc-1536a88-10:has-text("댓글쓰기")
2025-09-18 15:31:53,438 - __main__ - INFO - 답글 입력창 발견: textarea.ReviewReply__CustomTextarea-sc-1536a88-5
2025-09-18 15:31:56,405 - __main__ - INFO - 답글 입력 완료: ck**님, 소중한 리뷰 감사합니다!...
2025-09-18 15:31:56,412 - __main__ - INFO - 등록 버튼 발견: div.ReviewReply__ActionButtonWrapper-sc-1536a88-8 button:has-text("등록")
2025-09-18 15:31:56,433 - __main__ - INFO - 답글 등록 버튼 클릭 완료
2025-09-18 15:31:58,449 - __main__ - INFO - [YOGIYO] 🔍 금지어 팝업 확인 중...
2025-09-18 15:31:58,470 - __main__ - INFO - [YOGIYO] ✅ 요기요 금지어 팝업 없음 - 정상 처리
2025-09-18 15:32:01,497 - __main__ - WARNING - 답글 등록 확인 실패
2025-09-18 15:32:01,736 - httpx - INFO - HTTP Request: PATCH https://efcdjsrumdrhmpingglp.supabase.co/rest/v1/reviews_yogiyo?id=eq.ad17fd57-8f4e-4d2a-b33d-fd5b5275dc82 "HTTP/1.1 200 OK"
2025-09-18 15:32:04,750 - __main__ - INFO - 🔄 [3/3] 리뷰 처리 중: 41cffb45-0875-4c9a-9b18-260c24015a40 (ki**)
2025-09-18 15:32:04,750 - __main__ - INFO -    - DSID: 2a22ca71ebecf2af
2025-09-18 15:32:04,750 - __main__ - INFO -    - 답글 길이: 101자
2025-09-18 15:32:04,750 - __main__ - INFO - 🔍 매칭 시작: DSID=2a22ca71ebecf2af
2025-09-18 15:32:04,751 - __main__ - WARNING - DSID 완전 매칭 실패: 2a22ca71ebecf2af
2025-09-18 15:32:04,751 - __main__ - INFO - 콘텐츠 기반 매칭 시도...
2025-09-18 15:32:04,752 - __main__ - INFO - 🎯 콘텐츠 매칭 성공 (점수: 3/4)
2025-09-18 15:32:04,752 - __main__ - INFO -    👤 리뷰어: ki** ✅
2025-09-18 15:32:04,752 - __main__ - INFO -    📝 내용: 맛있게 잘 먹었습니다.... ✅
2025-09-18 15:32:04,752 - __main__ - INFO -    📅 날짜: 2025.08.24 ❌
2025-09-18 15:32:04,752 - __main__ - INFO -    ⭐ 별점: 5.0 ✅
2025-09-18 15:32:04,752 - __main__ - INFO - 🎯 매칭 결과: review_index=5, matched=True
2025-09-18 15:32:04,752 - __main__ - INFO - 🎯 답글 등록 시도: 인덱스=5, 전체 리뷰 수=6
2025-09-18 15:32:04,752 - __main__ - INFO - 답글 등록 시작 (리뷰 인덱스: 5)
2025-09-18 15:32:04,759 - __main__ - ERROR - 리뷰 인덱스 5가 범위를 벗어남
2025-09-18 15:32:04,759 - __main__ - INFO - 답글 등록 완료 - 성공: 2, 실패: 1
2025-09-18 15:32:05,237 - __main__ - INFO - 리소스 정리 완료
2025-09-18 15:44:50,062 - httpx - INFO - HTTP Request: GET https://efcdjsrumdrhmpingglp.supabase.co/rest/v1/platform_stores?select=%2A&user_id=eq.a7654c42-10ed-435f-97d8-d2c2dfeccbcb&platform=eq.yogiyo&is_active=eq.True "HTTP/1.1 200 OK"
2025-09-18 15:44:50,063 - __main__ - INFO - 매장 선택: 큰손닭강정-평택비전점 (UUID: 8be2b4ab-a52c-40ea-b77a-2c89a09fe16d)
2025-09-18 15:44:50,063 - __main__ - INFO - YogiyoReplyPoster 초기화 완료
2025-09-18 15:44:50,063 - __main__ - INFO - 요기요 답글 등록 시작 - Store UUID: 8be2b4ab-a52c-40ea-b77a-2c89a09fe16d
2025-09-18 15:44:50,156 - httpx - INFO - HTTP Request: GET https://efcdjsrumdrhmpingglp.supabase.co/rest/v1/platform_stores?select=platform_store_id%2C%20platform_id%2C%20platform_pw%2C%20store_name&id=eq.8be2b4ab-a52c-40ea-b77a-2c89a09fe16d&platform=eq.yogiyo "HTTP/1.1 200 OK"
2025-09-18 15:44:50,156 - __main__ - INFO - 매장 정보 조회 성공: 큰손닭강정-평택비전점 (1468227)
2025-09-18 15:44:50,167 - __main__ - INFO - DB에서 조회한 로그인 정보 사용
2025-09-18 15:44:50,168 - __main__ - INFO - 🔍 답글 대기 상태 리뷰 검색 중... (Store UUID: 8be2b4ab-a52c-40ea-b77a-2c89a09fe16d)
2025-09-18 15:44:50,168 - __main__ - INFO - 📊 데이터베이스 쿼리 조건:
2025-09-18 15:44:50,168 - __main__ - INFO -    - 테이블: reviews_yogiyo
2025-09-18 15:44:50,168 - __main__ - INFO -    - platform_store_id = 8be2b4ab-a52c-40ea-b77a-2c89a09fe16d
2025-09-18 15:44:50,168 - __main__ - INFO -    - reply_status = 'draft'
2025-09-18 15:44:50,168 - __main__ - INFO -    - reply_text IS NOT NULL
2025-09-18 15:44:50,168 - __main__ - INFO -    - limit = unlimited
2025-09-18 15:44:50,248 - httpx - INFO - HTTP Request: GET https://efcdjsrumdrhmpingglp.supabase.co/rest/v1/reviews_yogiyo?select=id%2C%20yogiyo_dsid%2C%20reviewer_name%2C%20review_text%2C%20reply_text%2C%20reply_status%2C%20platform_store_id%2C%20review_date%2C%20overall_rating%2C%20schedulable_reply_date&platform_store_id=eq.8be2b4ab-a52c-40ea-b77a-2c89a09fe16d&reply_status=eq.draft&reply_text=neq.null "HTTP/1.1 200 OK"
2025-09-18 15:44:50,249 - __main__ - INFO - 📝 초기 조회 결과: 2개 답글 대기 리뷰 발견
2025-09-18 15:44:50,249 - __main__ - INFO -    1. ID:03ea2040-8f87-4f82-8eae-aee4028202e5 | 리뷰어:ch** | 답글:133자 | 스케줄:2025-09-20T00:00:00
2025-09-18 15:44:50,249 - __main__ - INFO -    2. ID:41cffb45-0875-4c9a-9b18-260c24015a40 | 리뷰어:ki** | 답글:101자 | 스케줄:2025-08-25T00:00:00
2025-09-18 15:44:50,249 - __main__ - INFO - ⏰ 현재 시간: 2025-09-18 15:44:50.249916
2025-09-18 15:44:50,249 - __main__ - INFO - 🔍 리뷰 검사 중: 03ea2040-8f87-4f82-8eae-aee4028202e5 (ch**)
2025-09-18 15:44:50,249 - __main__ - INFO -    - schedulable_reply_date: 2025-09-20T00:00:00 (타입: <class 'str'>)
2025-09-18 15:44:50,249 - __main__ - INFO -    - 문자열 형식 스케줄 시간 파싱 중...
2025-09-18 15:44:50,249 - __main__ - INFO -    - UTC 파싱 결과: 2025-09-20 00:00:00
2025-09-18 15:44:50,249 - __main__ - INFO -    - KST 설정 결과: 2025-09-20 00:00:00+09:00
2025-09-18 15:44:50,250 - __main__ - INFO -    - 최종 비교용 시간: 2025-09-20 00:00:00
2025-09-18 15:44:50,250 - __main__ - INFO - ⏳ 답글 등록 대기: 03ea2040-8f87-4f82-8eae-aee4028202e5 (남은 시간: 1 day, 8:15:09.750084)
2025-09-18 15:44:50,250 - __main__ - INFO - 🔍 리뷰 검사 중: 41cffb45-0875-4c9a-9b18-260c24015a40 (ki**)
2025-09-18 15:44:50,250 - __main__ - INFO -    - schedulable_reply_date: 2025-08-25T00:00:00 (타입: <class 'str'>)
2025-09-18 15:44:50,250 - __main__ - INFO -    - 문자열 형식 스케줄 시간 파싱 중...
2025-09-18 15:44:50,250 - __main__ - INFO -    - UTC 파싱 결과: 2025-08-25 00:00:00
2025-09-18 15:44:50,250 - __main__ - INFO -    - KST 설정 결과: 2025-08-25 00:00:00+09:00
2025-09-18 15:44:50,250 - __main__ - INFO -    - 최종 비교용 시간: 2025-08-25 00:00:00
2025-09-18 15:44:50,250 - __main__ - INFO - ✅ 답글 등록 가능: 41cffb45-0875-4c9a-9b18-260c24015a40 (예약 시간 도달)
2025-09-18 15:44:50,250 - __main__ - INFO - ✅ 리뷰 추가됨: 41cffb45-0875-4c9a-9b18-260c24015a40 (ki**)
2025-09-18 15:44:50,250 - __main__ - INFO - 📊 최종 결과: 초기 2개 → 필터링 후 1개
2025-09-18 15:44:50,250 - __main__ - INFO - 🎯 최종 선택된 리뷰:
2025-09-18 15:44:50,250 - __main__ - INFO -    1. 41cffb45-0875-4c9a-9b18-260c24015a40 (ki**)
2025-09-18 15:44:50,250 - __main__ - INFO - 1개 답글 처리 예정
2025-09-18 15:44:51,182 - __main__ - INFO - 브라우저 초기화 완료
2025-09-18 15:44:51,182 - __main__ - INFO - 요기요 CEO 로그인 시작
2025-09-18 15:45:11,230 - __main__ - INFO - 로그인 성공 (URL: https://ceo.yogiyo.co.kr/)
2025-09-18 15:45:11,230 - __main__ - INFO - 로그인 성공
2025-09-18 15:45:11,230 - __main__ - INFO - 리뷰 페이지로 이동
2025-09-18 15:45:14,694 - __main__ - INFO - 매장 선택: 1468227
2025-09-18 15:45:14,791 - __main__ - INFO - 드롭다운 클릭 성공: div.StoreSelector__SelectedStore-sc-1rowjsb-13
2025-09-18 15:45:16,862 - __main__ - INFO - 매장 선택 완료: 1468227
2025-09-18 15:45:21,938 - __main__ - INFO - 미답변 탭 클릭 성공: 미답변 (4)
2025-09-18 15:45:21,938 - __main__ - INFO - 미답변 탭 클릭 완료
2025-09-18 15:45:21,946 - __main__ - INFO - 리뷰 컨테이너 4개 발견
2025-09-18 15:45:22,132 - __main__ - INFO - 페이지에서 4개 리뷰 추출
2025-09-18 15:45:22,132 - __main__ - INFO - 📄 페이지에서 추출된 리뷰: 4개
2025-09-18 15:45:22,132 - __main__ - INFO - 🎯 처리할 DB 리뷰: 1개
2025-09-18 15:45:22,132 - __main__ - INFO - 🔄 [1/1] 리뷰 처리 중: 41cffb45-0875-4c9a-9b18-260c24015a40 (ki**)
2025-09-18 15:45:22,132 - __main__ - INFO -    - DSID: 2a22ca71ebecf2af
2025-09-18 15:45:22,132 - __main__ - INFO -    - 답글 길이: 101자
2025-09-18 15:45:22,132 - __main__ - INFO - 🔍 실시간 리뷰 매칭 시작: ki**
2025-09-18 15:45:22,132 - __main__ - INFO - 📝 매칭 대상 리뷰: ki** - 맛있게 잘 먹었습니다....
2025-09-18 15:45:22,137 - __main__ - INFO - 📄 페이지에서 4개 리뷰 요소 발견
2025-09-18 15:45:22,153 - __main__ - INFO - 🔍 [0] DOM 리뷰:  - ...
2025-09-18 15:45:22,153 - __main__ - INFO -    - 리뷰어 매칭: True (ki** vs )
2025-09-18 15:45:22,153 - __main__ - INFO -    - 내용 유사도: 0.00 (False)
2025-09-18 15:45:22,169 - __main__ - INFO - 🔍 [1] DOM 리뷰:  - ...
2025-09-18 15:45:22,169 - __main__ - INFO -    - 리뷰어 매칭: True (ki** vs )
2025-09-18 15:45:22,169 - __main__ - INFO -    - 내용 유사도: 0.00 (False)
2025-09-18 15:45:22,186 - __main__ - INFO - 🔍 [2] DOM 리뷰:  - ...
2025-09-18 15:45:22,186 - __main__ - INFO -    - 리뷰어 매칭: True (ki** vs )
2025-09-18 15:45:22,186 - __main__ - INFO -    - 내용 유사도: 0.00 (False)
2025-09-18 15:45:22,201 - __main__ - INFO - 🔍 [3] DOM 리뷰:  - ...
2025-09-18 15:45:22,201 - __main__ - INFO -    - 리뷰어 매칭: True (ki** vs )
2025-09-18 15:45:22,202 - __main__ - INFO -    - 내용 유사도: 0.00 (False)
2025-09-18 15:45:22,202 - __main__ - ERROR - ❌ 리뷰 매칭 실패: ki**
2025-09-18 15:45:22,202 - __main__ - INFO - 답글 등록 완료 - 성공: 0, 실패: 1
2025-09-18 15:45:22,676 - __main__ - INFO - 리소스 정리 완료
2025-09-18 15:46:17,240 - httpx - INFO - HTTP Request: GET https://efcdjsrumdrhmpingglp.supabase.co/rest/v1/platform_stores?select=%2A&user_id=eq.a7654c42-10ed-435f-97d8-d2c2dfeccbcb&platform=eq.yogiyo&is_active=eq.True "HTTP/1.1 200 OK"
2025-09-18 15:46:17,244 - __main__ - INFO - 매장 선택: 큰손닭강정-평택비전점 (UUID: 8be2b4ab-a52c-40ea-b77a-2c89a09fe16d)
2025-09-18 15:46:17,244 - __main__ - INFO - YogiyoReplyPoster 초기화 완료
2025-09-18 15:46:17,245 - __main__ - INFO - 요기요 답글 등록 시작 - Store UUID: 8be2b4ab-a52c-40ea-b77a-2c89a09fe16d
2025-09-18 15:46:17,378 - httpx - INFO - HTTP Request: GET https://efcdjsrumdrhmpingglp.supabase.co/rest/v1/platform_stores?select=platform_store_id%2C%20platform_id%2C%20platform_pw%2C%20store_name&id=eq.8be2b4ab-a52c-40ea-b77a-2c89a09fe16d&platform=eq.yogiyo "HTTP/1.1 200 OK"
2025-09-18 15:46:17,378 - __main__ - INFO - 매장 정보 조회 성공: 큰손닭강정-평택비전점 (1468227)
2025-09-18 15:46:17,390 - __main__ - INFO - DB에서 조회한 로그인 정보 사용
2025-09-18 15:46:17,390 - __main__ - INFO - 🔍 답글 대기 상태 리뷰 검색 중... (Store UUID: 8be2b4ab-a52c-40ea-b77a-2c89a09fe16d)
2025-09-18 15:46:17,390 - __main__ - INFO - 📊 데이터베이스 쿼리 조건:
2025-09-18 15:46:17,390 - __main__ - INFO -    - 테이블: reviews_yogiyo
2025-09-18 15:46:17,390 - __main__ - INFO -    - platform_store_id = 8be2b4ab-a52c-40ea-b77a-2c89a09fe16d
2025-09-18 15:46:17,390 - __main__ - INFO -    - reply_status = 'draft'
2025-09-18 15:46:17,390 - __main__ - INFO -    - reply_text IS NOT NULL
2025-09-18 15:46:17,390 - __main__ - INFO -    - limit = unlimited
2025-09-18 15:46:17,526 - httpx - INFO - HTTP Request: GET https://efcdjsrumdrhmpingglp.supabase.co/rest/v1/reviews_yogiyo?select=id%2C%20yogiyo_dsid%2C%20reviewer_name%2C%20review_text%2C%20reply_text%2C%20reply_status%2C%20platform_store_id%2C%20review_date%2C%20overall_rating%2C%20schedulable_reply_date&platform_store_id=eq.8be2b4ab-a52c-40ea-b77a-2c89a09fe16d&reply_status=eq.draft&reply_text=neq.null "HTTP/1.1 200 OK"
2025-09-18 15:46:17,526 - __main__ - INFO - 📝 초기 조회 결과: 2개 답글 대기 리뷰 발견
2025-09-18 15:46:17,526 - __main__ - INFO -    1. ID:03ea2040-8f87-4f82-8eae-aee4028202e5 | 리뷰어:ch** | 답글:133자 | 스케줄:2025-09-20T00:00:00
2025-09-18 15:46:17,528 - __main__ - INFO -    2. ID:41cffb45-0875-4c9a-9b18-260c24015a40 | 리뷰어:ki** | 답글:101자 | 스케줄:2025-08-25T00:00:00
2025-09-18 15:46:17,528 - __main__ - INFO - ⏰ 현재 시간: 2025-09-18 15:46:17.528009
2025-09-18 15:46:17,528 - __main__ - INFO - 🔍 리뷰 검사 중: 03ea2040-8f87-4f82-8eae-aee4028202e5 (ch**)
2025-09-18 15:46:17,528 - __main__ - INFO -    - schedulable_reply_date: 2025-09-20T00:00:00 (타입: <class 'str'>)
2025-09-18 15:46:17,528 - __main__ - INFO -    - 문자열 형식 스케줄 시간 파싱 중...
2025-09-18 15:46:17,528 - __main__ - INFO -    - UTC 파싱 결과: 2025-09-20 00:00:00
2025-09-18 15:46:17,528 - __main__ - INFO -    - KST 설정 결과: 2025-09-20 00:00:00+09:00
2025-09-18 15:46:17,528 - __main__ - INFO -    - 최종 비교용 시간: 2025-09-20 00:00:00
2025-09-18 15:46:17,528 - __main__ - INFO - ⏳ 답글 등록 대기: 03ea2040-8f87-4f82-8eae-aee4028202e5 (남은 시간: 1 day, 8:13:42.471991)
2025-09-18 15:46:17,528 - __main__ - INFO - 🔍 리뷰 검사 중: 41cffb45-0875-4c9a-9b18-260c24015a40 (ki**)
2025-09-18 15:46:17,528 - __main__ - INFO -    - schedulable_reply_date: 2025-08-25T00:00:00 (타입: <class 'str'>)
2025-09-18 15:46:17,528 - __main__ - INFO -    - 문자열 형식 스케줄 시간 파싱 중...
2025-09-18 15:46:17,528 - __main__ - INFO -    - UTC 파싱 결과: 2025-08-25 00:00:00
2025-09-18 15:46:17,528 - __main__ - INFO -    - KST 설정 결과: 2025-08-25 00:00:00+09:00
2025-09-18 15:46:17,528 - __main__ - INFO -    - 최종 비교용 시간: 2025-08-25 00:00:00
2025-09-18 15:46:17,528 - __main__ - INFO - ✅ 답글 등록 가능: 41cffb45-0875-4c9a-9b18-260c24015a40 (예약 시간 도달)
2025-09-18 15:46:17,528 - __main__ - INFO - ✅ 리뷰 추가됨: 41cffb45-0875-4c9a-9b18-260c24015a40 (ki**)
2025-09-18 15:46:17,528 - __main__ - INFO - 📊 최종 결과: 초기 2개 → 필터링 후 1개
2025-09-18 15:46:17,529 - __main__ - INFO - 🎯 최종 선택된 리뷰:
2025-09-18 15:46:17,529 - __main__ - INFO -    1. 41cffb45-0875-4c9a-9b18-260c24015a40 (ki**)
2025-09-18 15:46:17,529 - __main__ - INFO - 1개 답글 처리 예정
2025-09-18 15:46:18,659 - __main__ - INFO - 브라우저 초기화 완료
2025-09-18 15:46:18,659 - __main__ - INFO - 요기요 CEO 로그인 시작
2025-09-18 15:46:38,348 - __main__ - INFO - 로그인 성공 (URL: https://ceo.yogiyo.co.kr/)
2025-09-18 15:46:38,348 - __main__ - INFO - 로그인 성공
2025-09-18 15:46:38,348 - __main__ - INFO - 리뷰 페이지로 이동
2025-09-18 15:46:41,692 - __main__ - INFO - 매장 선택: 1468227
2025-09-18 15:46:41,825 - __main__ - INFO - 드롭다운 클릭 성공: div.StoreSelector__SelectedStore-sc-1rowjsb-13
2025-09-18 15:46:43,914 - __main__ - INFO - 매장 선택 완료: 1468227
2025-09-18 15:46:49,018 - __main__ - INFO - 미답변 탭 클릭 성공: 미답변 (4)
2025-09-18 15:46:49,018 - __main__ - INFO - 미답변 탭 클릭 완료
2025-09-18 15:46:49,040 - __main__ - INFO - 리뷰 컨테이너 4개 발견
2025-09-18 15:46:49,282 - __main__ - INFO - 페이지에서 4개 리뷰 추출
2025-09-18 15:46:49,282 - __main__ - INFO - 📄 페이지에서 추출된 리뷰: 4개
2025-09-18 15:46:49,282 - __main__ - INFO - 🎯 처리할 DB 리뷰: 1개
2025-09-18 15:46:49,282 - __main__ - INFO - 🔄 [1/1] 리뷰 처리 중: 41cffb45-0875-4c9a-9b18-260c24015a40 (ki**)
2025-09-18 15:46:49,282 - __main__ - INFO -    - DSID: 2a22ca71ebecf2af
2025-09-18 15:46:49,282 - __main__ - INFO -    - 답글 길이: 101자
2025-09-18 15:46:49,282 - __main__ - INFO - 🔍 실시간 리뷰 매칭 시작: ki**
2025-09-18 15:46:49,282 - __main__ - INFO - 📝 매칭 대상 리뷰: ki** - 맛있게 잘 먹었습니다....
2025-09-18 15:46:49,287 - __main__ - INFO - 📄 페이지에서 4개 리뷰 요소 발견
2025-09-18 15:46:49,301 - __main__ - INFO - 🔍 [0] DOM 리뷰: ch** - 배달도 빠르고 1인 양도 괜찮고, 근데 먹다보면 안에 ...
2025-09-18 15:46:49,302 - __main__ - INFO -    - 리뷰어 매칭: False (ki** vs ch**)
2025-09-18 15:46:49,302 - __main__ - INFO -    - 내용 유사도: 0.00 (False)
2025-09-18 15:46:49,315 - __main__ - INFO - 🔍 [1] DOM 리뷰: db** - 지난주이어 두번째주문,,,,
또 시켰다는건 맛나서겠죠?...
2025-09-18 15:46:49,315 - __main__ - INFO -    - 리뷰어 매칭: False (ki** vs db**)
2025-09-18 15:46:49,315 - __main__ - INFO -    - 내용 유사도: 0.00 (False)
2025-09-18 15:46:49,330 - __main__ - INFO - 🔍 [2] DOM 리뷰: sy** - 배달도 금방 오고
맛있게 먹었어요~~!!!...
2025-09-18 15:46:49,330 - __main__ - INFO -    - 리뷰어 매칭: False (ki** vs sy**)
2025-09-18 15:46:49,330 - __main__ - INFO -    - 내용 유사도: 0.14 (False)
2025-09-18 15:46:49,345 - __main__ - INFO - 🔍 [3] DOM 리뷰: ki** - 맛있게 잘 먹었습니다....
2025-09-18 15:46:49,345 - __main__ - INFO -    - 리뷰어 매칭: True (ki** vs ki**)
2025-09-18 15:46:49,345 - __main__ - INFO -    - 내용 유사도: 1.00 (True)
2025-09-18 15:46:49,345 - __main__ - INFO - ✅ 리뷰 매칭 성공! 인덱스: 3
2025-09-18 15:46:49,357 - __main__ - INFO - ⚠️ 이미 답글이 존재합니다.
2025-09-18 15:46:50,039 - httpx - INFO - HTTP Request: PATCH https://efcdjsrumdrhmpingglp.supabase.co/rest/v1/reviews_yogiyo?id=eq.41cffb45-0875-4c9a-9b18-260c24015a40 "HTTP/1.1 200 OK"
2025-09-18 15:46:50,141 - httpx - INFO - HTTP Request: PATCH https://efcdjsrumdrhmpingglp.supabase.co/rest/v1/reviews_yogiyo?id=eq.41cffb45-0875-4c9a-9b18-260c24015a40 "HTTP/1.1 200 OK"
2025-09-18 15:46:53,150 - __main__ - INFO - 답글 등록 완료 - 성공: 1, 실패: 0
2025-09-18 15:46:53,636 - __main__ - INFO - 리소스 정리 완료
2025-09-18 15:54:02,816 - httpx - INFO - HTTP Request: GET https://efcdjsrumdrhmpingglp.supabase.co/rest/v1/platform_stores?select=%2A&user_id=eq.a7654c42-10ed-435f-97d8-d2c2dfeccbcb&platform=eq.yogiyo&is_active=eq.True "HTTP/1.1 200 OK"
2025-09-18 15:54:02,819 - __main__ - INFO - 매장 선택: 큰손닭강정-평택비전점 (UUID: 8be2b4ab-a52c-40ea-b77a-2c89a09fe16d)
2025-09-18 15:54:02,820 - __main__ - INFO - YogiyoReplyPoster 초기화 완료
2025-09-18 15:54:02,820 - __main__ - INFO - 요기요 답글 등록 시작 - Store UUID: 8be2b4ab-a52c-40ea-b77a-2c89a09fe16d
2025-09-18 15:54:02,909 - httpx - INFO - HTTP Request: GET https://efcdjsrumdrhmpingglp.supabase.co/rest/v1/platform_stores?select=platform_store_id%2C%20platform_id%2C%20platform_pw%2C%20store_name&id=eq.8be2b4ab-a52c-40ea-b77a-2c89a09fe16d&platform=eq.yogiyo "HTTP/1.1 200 OK"
2025-09-18 15:54:02,911 - __main__ - INFO - 매장 정보 조회 성공: 큰손닭강정-평택비전점 (1468227)
2025-09-18 15:54:02,962 - __main__ - INFO - DB에서 조회한 로그인 정보 사용
2025-09-18 15:54:02,962 - __main__ - INFO - 🔍 답글 대기 상태 리뷰 검색 중... (Store UUID: 8be2b4ab-a52c-40ea-b77a-2c89a09fe16d)
2025-09-18 15:54:02,963 - __main__ - INFO - 📊 데이터베이스 쿼리 조건:
2025-09-18 15:54:02,963 - __main__ - INFO -    - 테이블: reviews_yogiyo
2025-09-18 15:54:02,963 - __main__ - INFO -    - platform_store_id = 8be2b4ab-a52c-40ea-b77a-2c89a09fe16d
2025-09-18 15:54:02,963 - __main__ - INFO -    - reply_status = 'draft'
2025-09-18 15:54:02,963 - __main__ - INFO -    - reply_text IS NOT NULL
2025-09-18 15:54:02,964 - __main__ - INFO -    - limit = unlimited
2025-09-18 15:54:03,044 - httpx - INFO - HTTP Request: GET https://efcdjsrumdrhmpingglp.supabase.co/rest/v1/reviews_yogiyo?select=id%2C%20yogiyo_dsid%2C%20reviewer_name%2C%20review_text%2C%20reply_text%2C%20reply_status%2C%20platform_store_id%2C%20review_date%2C%20overall_rating%2C%20schedulable_reply_date&platform_store_id=eq.8be2b4ab-a52c-40ea-b77a-2c89a09fe16d&reply_status=eq.draft&reply_text=neq.null "HTTP/1.1 200 OK"
2025-09-18 15:54:03,045 - __main__ - INFO - 📝 초기 조회 결과: 1개 답글 대기 리뷰 발견
2025-09-18 15:54:03,045 - __main__ - INFO -    1. ID:03ea2040-8f87-4f82-8eae-aee4028202e5 | 리뷰어:ch** | 답글:133자 | 스케줄:2025-09-20T00:00:00
2025-09-18 15:54:03,045 - __main__ - INFO - ⏰ 현재 시간: 2025-09-18 15:54:03.045840
2025-09-18 15:54:03,045 - __main__ - INFO - 🔍 리뷰 검사 중: 03ea2040-8f87-4f82-8eae-aee4028202e5 (ch**)
2025-09-18 15:54:03,045 - __main__ - INFO -    - schedulable_reply_date: 2025-09-20T00:00:00 (타입: <class 'str'>)
2025-09-18 15:54:03,045 - __main__ - INFO -    - 문자열 형식 스케줄 시간 파싱 중...
2025-09-18 15:54:03,045 - __main__ - INFO -    - UTC 파싱 결과: 2025-09-20 00:00:00
2025-09-18 15:54:03,045 - __main__ - INFO -    - KST 설정 결과: 2025-09-20 00:00:00+09:00
2025-09-18 15:54:03,045 - __main__ - INFO -    - 최종 비교용 시간: 2025-09-20 00:00:00
2025-09-18 15:54:03,045 - __main__ - INFO - ⏳ 답글 등록 대기: 03ea2040-8f87-4f82-8eae-aee4028202e5 (남은 시간: 1 day, 8:05:56.954160)
2025-09-18 15:54:03,045 - __main__ - INFO - 📊 최종 결과: 초기 1개 → 필터링 후 0개
2025-09-18 15:54:03,046 - __main__ - INFO - 처리할 답글이 없습니다
2025-09-18 15:54:03,046 - __main__ - INFO - 리소스 정리 완료
2025-09-18 15:54:24,418 - httpx - INFO - HTTP Request: GET https://efcdjsrumdrhmpingglp.supabase.co/rest/v1/platform_stores?select=%2A&user_id=eq.a7654c42-10ed-435f-97d8-d2c2dfeccbcb&platform=eq.yogiyo&is_active=eq.True "HTTP/1.1 200 OK"
2025-09-18 15:54:24,420 - __main__ - INFO - 매장 선택: 큰손닭강정-평택비전점 (UUID: 8be2b4ab-a52c-40ea-b77a-2c89a09fe16d)
2025-09-18 15:54:24,420 - __main__ - INFO - YogiyoReplyPoster 초기화 완료
2025-09-18 15:54:24,420 - __main__ - INFO - 요기요 답글 등록 시작 - Store UUID: 8be2b4ab-a52c-40ea-b77a-2c89a09fe16d
2025-09-18 15:54:24,528 - httpx - INFO - HTTP Request: GET https://efcdjsrumdrhmpingglp.supabase.co/rest/v1/platform_stores?select=platform_store_id%2C%20platform_id%2C%20platform_pw%2C%20store_name&id=eq.8be2b4ab-a52c-40ea-b77a-2c89a09fe16d&platform=eq.yogiyo "HTTP/1.1 200 OK"
2025-09-18 15:54:24,529 - __main__ - INFO - 매장 정보 조회 성공: 큰손닭강정-평택비전점 (1468227)
2025-09-18 15:54:24,567 - __main__ - INFO - DB에서 조회한 로그인 정보 사용
2025-09-18 15:54:24,567 - __main__ - INFO - 🔍 답글 대기 상태 리뷰 검색 중... (Store UUID: 8be2b4ab-a52c-40ea-b77a-2c89a09fe16d)
2025-09-18 15:54:24,568 - __main__ - INFO - 📊 데이터베이스 쿼리 조건:
2025-09-18 15:54:24,568 - __main__ - INFO -    - 테이블: reviews_yogiyo
2025-09-18 15:54:24,568 - __main__ - INFO -    - platform_store_id = 8be2b4ab-a52c-40ea-b77a-2c89a09fe16d
2025-09-18 15:54:24,568 - __main__ - INFO -    - reply_status = 'draft'
2025-09-18 15:54:24,568 - __main__ - INFO -    - reply_text IS NOT NULL
2025-09-18 15:54:24,568 - __main__ - INFO -    - limit = unlimited
2025-09-18 15:54:24,615 - httpx - INFO - HTTP Request: GET https://efcdjsrumdrhmpingglp.supabase.co/rest/v1/reviews_yogiyo?select=id%2C%20yogiyo_dsid%2C%20reviewer_name%2C%20review_text%2C%20reply_text%2C%20reply_status%2C%20platform_store_id%2C%20review_date%2C%20overall_rating%2C%20schedulable_reply_date&platform_store_id=eq.8be2b4ab-a52c-40ea-b77a-2c89a09fe16d&reply_status=eq.draft&reply_text=neq.null "HTTP/1.1 200 OK"
2025-09-18 15:54:24,617 - __main__ - INFO - 📝 초기 조회 결과: 1개 답글 대기 리뷰 발견
2025-09-18 15:54:24,618 - __main__ - INFO -    1. ID:03ea2040-8f87-4f82-8eae-aee4028202e5 | 리뷰어:ch** | 답글:133자 | 스케줄:2025-09-17T00:00:00
2025-09-18 15:54:24,618 - __main__ - INFO - ⏰ 현재 시간: 2025-09-18 15:54:24.618547
2025-09-18 15:54:24,618 - __main__ - INFO - 🔍 리뷰 검사 중: 03ea2040-8f87-4f82-8eae-aee4028202e5 (ch**)
2025-09-18 15:54:24,619 - __main__ - INFO -    - schedulable_reply_date: 2025-09-17T00:00:00 (타입: <class 'str'>)
2025-09-18 15:54:24,619 - __main__ - INFO -    - 문자열 형식 스케줄 시간 파싱 중...
2025-09-18 15:54:24,619 - __main__ - INFO -    - UTC 파싱 결과: 2025-09-17 00:00:00
2025-09-18 15:54:24,620 - __main__ - INFO -    - KST 설정 결과: 2025-09-17 00:00:00+09:00
2025-09-18 15:54:24,620 - __main__ - INFO -    - 최종 비교용 시간: 2025-09-17 00:00:00
2025-09-18 15:54:24,620 - __main__ - INFO - ✅ 답글 등록 가능: 03ea2040-8f87-4f82-8eae-aee4028202e5 (예약 시간 도달)
2025-09-18 15:54:24,621 - __main__ - INFO - ✅ 리뷰 추가됨: 03ea2040-8f87-4f82-8eae-aee4028202e5 (ch**)
2025-09-18 15:54:24,621 - __main__ - INFO - 📊 최종 결과: 초기 1개 → 필터링 후 1개
2025-09-18 15:54:24,621 - __main__ - INFO - 🎯 최종 선택된 리뷰:
2025-09-18 15:54:24,621 - __main__ - INFO -    1. 03ea2040-8f87-4f82-8eae-aee4028202e5 (ch**)
2025-09-18 15:54:24,622 - __main__ - INFO - 1개 답글 처리 예정
2025-09-18 15:54:25,702 - __main__ - INFO - 브라우저 초기화 완료
2025-09-18 15:54:25,702 - __main__ - INFO - 요기요 CEO 로그인 시작
2025-09-18 15:54:45,161 - __main__ - INFO - 로그인 성공 (URL: https://ceo.yogiyo.co.kr/)
2025-09-18 15:54:45,161 - __main__ - INFO - 로그인 성공
2025-09-18 15:54:45,161 - __main__ - INFO - 리뷰 페이지로 이동
2025-09-18 15:54:48,533 - __main__ - INFO - 매장 선택: 1468227
2025-09-18 15:54:48,613 - __main__ - INFO - 드롭다운 클릭 성공: div.StoreSelector__SelectedStore-sc-1rowjsb-13
2025-09-18 15:54:50,668 - __main__ - INFO - 매장 선택 완료: 1468227
2025-09-18 15:54:55,747 - __main__ - INFO - 미답변 탭 클릭 성공: 미답변 (4)
2025-09-18 15:54:55,747 - __main__ - INFO - 미답변 탭 클릭 완료
2025-09-18 15:54:55,754 - __main__ - INFO - 리뷰 컨테이너 4개 발견
2025-09-18 15:54:55,939 - __main__ - INFO - 페이지에서 4개 리뷰 추출
2025-09-18 15:54:55,939 - __main__ - INFO - 📄 페이지에서 추출된 리뷰: 4개
2025-09-18 15:54:55,939 - __main__ - INFO - 🎯 처리할 DB 리뷰: 1개
2025-09-18 15:54:55,939 - __main__ - INFO - 🔄 [1/1] 리뷰 처리 중: 03ea2040-8f87-4f82-8eae-aee4028202e5 (ch**)
2025-09-18 15:54:55,939 - __main__ - INFO -    - DSID: 9c9e2e1a31672326
2025-09-18 15:54:55,939 - __main__ - INFO -    - 답글 길이: 133자
2025-09-18 15:54:55,939 - __main__ - INFO - 🔍 실시간 리뷰 매칭 시작: ch**
2025-09-18 15:54:55,939 - __main__ - INFO - 📝 매칭 대상 리뷰: ch** - 배달도 빠르고 1인 양도 괜찮고, 근데 먹다보면 안에 밀가루반죽..?이 계속 씹혀서 그부분...
2025-09-18 15:54:55,944 - __main__ - INFO - 📄 페이지에서 4개 리뷰 요소 발견
2025-09-18 15:54:55,957 - __main__ - INFO - 🔍 [0] DOM 리뷰: ch** - 배달도 빠르고 1인 양도 괜찮고, 근데 먹다보면 안에 ...
2025-09-18 15:54:55,958 - __main__ - INFO -    - 리뷰어 매칭: True (ch** vs ch**)
2025-09-18 15:54:55,958 - __main__ - INFO -    - 내용 유사도: 1.00 (True)
2025-09-18 15:54:55,958 - __main__ - INFO - ✅ 리뷰 매칭 성공! 인덱스: 0
2025-09-18 15:54:55,958 - __main__ - INFO - 🔍 답글 존재 여부 확인 중...
2025-09-18 15:54:55,961 - __main__ - INFO -    - 선택자 1 (.ReviewReply__Container-sc-1536a88-0): 없음
2025-09-18 15:54:55,964 - __main__ - INFO -    - 선택자 2 (.ReviewReply__ContentContainer-sc-1536a88-1): 없음
2025-09-18 15:54:55,967 - __main__ - INFO -    - 선택자 3 ([class*="ReviewReply__Container"]): 없음
2025-09-18 15:54:55,969 - __main__ - INFO -    - 선택자 4 ([class*="ReviewReply__Content"]): 없음
2025-09-18 15:54:55,972 - __main__ - INFO -    - 선택자 5 (.owner-reply): 없음
2025-09-18 15:54:55,972 - __main__ - INFO - ✅ 답글 없음 - 새 답글 작성 가능
2025-09-18 15:54:55,972 - __main__ - INFO - 📝 답글 등록 시작: ch**
2025-09-18 15:54:55,976 - __main__ - INFO - 답글 버튼 발견: button.ReviewReply__AddReplyButton-sc-1536a88-10:has-text("댓글쓰기")
2025-09-18 15:54:58,047 - __main__ - INFO - 답글 입력창 발견: textarea.ReviewReply__CustomTextarea-sc-1536a88-5
2025-09-18 15:54:58,047 - __main__ - ERROR - post_reply_to_element 오류: 'ElementHandle' object has no attribute 'clear'
2025-09-18 15:54:58,047 - __main__ - INFO - 답글 등록 완료 - 성공: 0, 실패: 1
2025-09-18 15:54:58,513 - __main__ - INFO - 리소스 정리 완료
